SQL> set lines 200
SQL> set pages 100
SQL> select to_char(sysdate, 'dd-mm-yyyy hh:mi:ss') from dual;

TO_CHAR(SYSDATE,'DD                                                                                                                                                                                     
-------------------                                                                                                                                                                                     
15-04-2021 08:18:59                                                                                                                                                                                     

SQL> insert into login_lab_bd values( 'Grigore Lucian', '336CA', 'Lab7', user, sysdate, null, null);

1 row created.

SQL> select * from login_lab_bd;

NUME_STUD                      GRUPA      LABORATOR  NUME_USER  DATA_IN   DATA_SF       DURATA                                                                                                          
------------------------------ ---------- ---------- ---------- --------- --------- ----------                                                                                                          
Grigore Lucian                 336CA      Lab6       SCOTT      08-APR-21 08-APR-21         75                                                                                                          
Grigore Lucian                 336CA      Lab7       SCOTT      15-APR-21                                                                                                                               
Grigore Lucian                 336CA      Lab3       SCOTT      18-MAR-21 18-MAR-21         96                                                                                                          
Grigore Lucian                 336CA      Lab4       SCOTT      25-MAR-21 25-MAR-21         96                                                                                                          
Grigore Lucian                 336CA      Lab5       SCOTT      01-APR-21 01-APR-21         78                                                                                                          

SQL> select to_char (sysdate, 'DD-MM-YYYY') data_curenta from dual;

DATA_CUREN                                                                                                                                                                                              
----------                                                                                                                                                                                              
15-04-2021                                                                                                                                                                                              

SQL> select to_date ('15112006', 'DD-MM-YYYY') from dual;

TO_DATE('                                                                                                                                                                                               
---------                                                                                                                                                                                               
15-NOV-06                                                                                                                                                                                               

SQL> select to_char (-10000, '$999999.99MI') valoare from dual;

VALOARE                                                                                                                                                                                                 
-----------                                                                                                                                                                                             
 $10000.00-                                                                                                                                                                                             

SQL> select to_number('$10000.00-', '$999999.99MI') valoare from dual;

   VALOARE                                                                                                                                                                                              
----------                                                                                                                                                                                              
    -10000                                                                                                                                                                                              

SQL> select nume, to_char(data_ang, 'dd-mm-yyyy') data_ang from angajati where to_char(data_ang, 'YYYY') like '1982';
select nume, to_char(data_ang, 'dd-mm-yyyy') data_ang from angajati where to_char(data_ang, 'YYYY') like '1982'
                                                                                  *
ERROR at line 1:
ORA-00904: "DATA_ANG": invalid identifier 


SQL> desc angajati
 Name                                                                                                              Null?    Type
 ----------------------------------------------------------------------------------------------------------------- -------- ----------------------------------------------------------------------------
 ID_ANG                                                                                                                     NUMBER(4)
 NUME                                                                                                                       VARCHAR2(10)
 FUNCTIE                                                                                                                    VARCHAR2(9)
 ID_SEF                                                                                                                     NUMBER(4)
 HIREDATE                                                                                                                   DATE
 SAL                                                                                                                        NUMBER(7,2)
 COMM                                                                                                                       NUMBER(7,2)
 ID_DEP                                                                                                                     NUMBER(2)

SQL> desc angajati1
 Name                                                                                                              Null?    Type
 ----------------------------------------------------------------------------------------------------------------- -------- ----------------------------------------------------------------------------
 ID_ANG                                                                                                                     NUMBER(4)
 NUME                                                                                                                       VARCHAR2(20)
 FUNCTIE                                                                                                                    VARCHAR2(9)
 ID_SEF                                                                                                                     NUMBER(4)
 DATA_ANG                                                                                                                   DATE
 SALARIU                                                                                                                    NUMBER(7,2)
 COMISION                                                                                                                   NUMBER(7,2)
 ID_DEP                                                                                                                     NUMBER(2)

SQL> select nume, to_char(data_ang, 'dd-mm-yyyy') data_ang from angajati1 where to_char(data_ang, 'YYYY') like '1982';

NUME                 DATA_ANG                                                                                                                                                                           
-------------------- ----------                                                                                                                                                                         
MILLER               23-01-1982                                                                                                                                                                         

SQL> select nume, to_char (data_ang, 'dd-mm-yyyy') data_ang from angajati1 where to_date(to_char(data_ang, 'YYYY'), 'YYYY') = to_date(to_char(1982), 'YYYY');

NUME                 DATA_ANG                                                                                                                                                                           
-------------------- ----------                                                                                                                                                                         
MILLER               23-01-1982                                                                                                                                                                         

SQL> select nume, to_char(data_ang, 'dd-mm-yyyy') data_ang from angajati1 where to_number(to_char(data_ang, 'yyyy')) = 1982;

NUME                 DATA_ANG                                                                                                                                                                           
-------------------- ----------                                                                                                                                                                         
MILLER               23-01-1982                                                                                                                                                                         

SQL> column numar format 99999
SQL> select 123.14 numar from dual;

 NUMAR                                                                                                                                                                                                  
------                                                                                                                                                                                                  
   123                                                                                                                                                                                                  

SQL> column numar format 999.99
SQL> select 123.14 numar from dual;

  NUMAR                                                                                                                                                                                                 
-------                                                                                                                                                                                                 
 123.14                                                                                                                                                                                                 

SQL> column numar format $999.99
SQL> select 123.14 numar from dual;

   NUMAR                                                                                                                                                                                                
--------                                                                                                                                                                                                
 $123.14                                                                                                                                                                                                

SQL> column numar format 00999.99
SQL> select 123.14 numar from dual;

    NUMAR                                                                                                                                                                                               
---------                                                                                                                                                                                               
 00123.14                                                                                                                                                                                               

SQL> select 0.14 numar from dual;

    NUMAR                                                                                                                                                                                               
---------                                                                                                                                                                                               
 00000.14                                                                                                                                                                                               

SQL> column numar format 9990.99
SQL> select 0.14 numar from dual;

   NUMAR                                                                                                                                                                                                
--------                                                                                                                                                                                                
    0.14                                                                                                                                                                                                

SQL> select 123.14 numar from dual;

   NUMAR                                                                                                                                                                                                
--------                                                                                                                                                                                                
  123.14                                                                                                                                                                                                

SQL> column numar format 09990.99
SQL> select 123.14 numar from dual;

    NUMAR                                                                                                                                                                                               
---------                                                                                                                                                                                               
 00123.14                                                                                                                                                                                               

SQL> select 0.14 numar from dual;

    NUMAR                                                                                                                                                                                               
---------                                                                                                                                                                                               
 00000.14                                                                                                                                                                                               

SQL> column numar format 999,999,999.999
SQL> select 123123123.14 numar from dual;

           NUMAR                                                                                                                                                                                        
----------------                                                                                                                                                                                        
 123,123,123.140                                                                                                                                                                                        

SQL> desc departamente
 Name                                                                                                              Null?    Type
 ----------------------------------------------------------------------------------------------------------------- -------- ----------------------------------------------------------------------------
 ID_DEP                                                                                                            NOT NULL NUMBER(2)
 DEN_DEP                                                                                                                    VARCHAR2(30)
 SEDIU                                                                                                                      VARCHAR2(20)

SQL> 
SQL> 
SQL> select * from departamente;

    ID_DEP DEN_DEP                        SEDIU                                                                                                                                                         
---------- ------------------------------ --------------------                                                                                                                                          
        10 ACCOUNTING                     NEW YORK                                                                                                                                                      
        20 RESEARCH                       DALLAS                                                                                                                                                        
        30 SALES                          CHICAGO                                                                                                                                                       
        40 OPERATIONS                     BOSTON                                                                                                                                                        

SQL> column numar format 999.99MI
SQL> select -123.14 numar from dual;

  NUMAR                                                                                                                                                                                                 
-------                                                                                                                                                                                                 
123.14-                                                                                                                                                                                                 

SQL> select numar format 99999D00;
select numar format 99999D00
                    *
ERROR at line 1:
ORA-00923: FROM keyword not found where expected 


SQL> column numar format 99999D00
SQL> select 0.14 numar from dual;

    NUMAR                                                                                                                                                                                               
---------                                                                                                                                                                                               
      .14                                                                                                                                                                                               

SQL> select 123.1 numar from dual;

    NUMAR                                                                                                                                                                                               
---------                                                                                                                                                                                               
   123.10                                                                                                                                                                                               

SQL> select greatest(23, 12, 34, 77, 89, 52) gr from dual;

        GR                                                                                                                                                                                              
----------                                                                                                                                                                                              
        89                                                                                                                                                                                              

SQL> select least(23, 12, 34, 77, 89, 52) lst from dual;

       LST                                                                                                                                                                                              
----------                                                                                                                                                                                              
        12                                                                                                                                                                                              

SQL> 
SQL> select greatest('15-JAN-1985', '23-AUG-2001') gr from dual;

GR                                                                                                                                                                                                      
-----------                                                                                                                                                                                             
23-AUG-2001                                                                                                                                                                                             

SQL> select least('15-JAN-1985', '23-AUG-2001') gr from dual;

GR                                                                                                                                                                                                      
-----------                                                                                                                                                                                             
15-JAN-1985                                                                                                                                                                                             

SQL> select nume, functie, salariu, decode (functie, 'MANAGER', salariu*1.25, 'ANALYST', salariu*1.24, salariu/4) prima from angajati1 where id_dep = 20 order by functie;

NUME                 FUNCTIE      SALARIU      PRIMA                                                                                                                                                    
-------------------- --------- ---------- ----------                                                                                                                                                    
SCOTT                ANALYST         3000       3720                                                                                                                                                    
FORD                 ANALYST         3000       3720                                                                                                                                                    
ADAMS                CLERK           1100        275                                                                                                                                                    
SMITH                CLERK            800        200                                                                                                                                                    
JONES                MANAGER         2975    3718.75                                                                                                                                                    

SQL> select nume, functie, salariu, to_char (data_ang, 'YYYY') an_ang, decode (sign(data_ang - to_date('1-JAN-1982')), -1, salariu*1.25, salariu*1.10) prima from angajati1 where id_dep = 20 order by functie;

NUME                 FUNCTIE      SALARIU AN_A      PRIMA                                                                                                                                               
-------------------- --------- ---------- ---- ----------                                                                                                                                               
SCOTT                ANALYST         3000 1987       3300                                                                                                                                               
FORD                 ANALYST         3000 1981       3750                                                                                                                                               
ADAMS                CLERK           1100 1987       1210                                                                                                                                               
SMITH                CLERK            800 1980       1000                                                                                                                                               
JONES                MANAGER         2975 1981    3718.75                                                                                                                                               

SQL> 
SQL> 
SQL> select case lower(locatie)
  2  when 'new york' then 1
  3  when 'dallas' then 2
  4  when 'chicago' then 3
  5  when 'boston' then 4
  6  end cod_dep
  7  from departamente;
select case lower(locatie)
                  *
ERROR at line 1:
ORA-00904: "LOCATIE": invalid identifier 


SQL> select case lower(sediu)
  2  when 'new york' then 1
  3  when 'dallas' then 2
  4  when 'chicago' then 3
  5  when 'boston' then 4
  6  from departamente;
from departamente
*
ERROR at line 6:
ORA-00905: missing keyword 


SQL> select case lower(locatie)
  2  when 'new york' then 1
  3  when 'dallas' then 2
  4  when 'chicago' then 3
  5  when 'boston' then 4
  6  end cod_dep
  7  from departamente;
select case lower(locatie)
                  *
ERROR at line 1:
ORA-00904: "LOCATIE": invalid identifier 


SQL> select case lower(sediu)
  2  when 'new york' then 1
  3  when 'dallas' then 2
  4  when 'chicago' then 3
  5  when 'boston' then 4
  6  end cod_dep
  7  from departamente;

   COD_DEP                                                                                                                                                                                              
----------                                                                                                                                                                                              
         1                                                                                                                                                                                              
         2                                                                                                                                                                                              
         3                                                                                                                                                                                              
         4                                                                                                                                                                                              

SQL> select nume from angajati1 where id_ang = (case functie
  2  when 'SALESMAN' then 7844
  3  when 'CLERK' then 7900
  4  when 'ANALYST' then 7902
  5  else 7839
  6  end);

NUME                                                                                                                                                                                                    
--------------------                                                                                                                                                                                    
KING                                                                                                                                                                                                    
TURNER                                                                                                                                                                                                  
JAMES                                                                                                                                                                                                   
FORD                                                                                                                                                                                                    

SQL> select case
  2  when lower(locatie) = 'new york' then 1
  3  when id_dep = 20
  4  or lower(locatie
  5  
SQL> 
SQL> 
SQL> 
SQL> select case when lower(sediu) = 'new york' then 1
  2  when id_dep = 20
  3  or lower(sediu) = 'dallas' then 2
  4  when lower(sediu) = 'chicago' then 3
  5  where id_dep = 40 then 4
  6  else 5
  7  end cod_dep
  8  from departamente;
where id_dep = 40 then 4
*
ERROR at line 5:
ORA-00905: missing keyword 


SQL> edit
Wrote file afiedt.buf

  1  select case when lower(sediu) = 'new york' then 1
  2  when id_dep = 20
  3  or lower(sediu) = 'dallas' then 2
  4  when lower(sediu) = 'chicago' then 3
  5  when id_dep = 40 then 4
  6  else 5
  7  end cod_dep
  8* from departamente
SQL> \
SP2-0042: unknown command "\" - rest of line ignored.
SQL> /

   COD_DEP                                                                                                                                                                                              
----------                                                                                                                                                                                              
         1                                                                                                                                                                                              
         2                                                                                                                                                                                              
         3                                                                                                                                                                                              
         4                                                                                                                                                                                              

SQL> select nume
  2  from angajati1
  3  where id_ang = (case
  4  when functie = 'SALESMAN' then 7844
  5  when functie = 'CLERK' then 7900
  6  when functie = 'ANALYST' then 7902
  7  else 7839
  8  end);

NUME                                                                                                                                                                                                    
--------------------                                                                                                                                                                                    
KING                                                                                                                                                                                                    
TURNER                                                                                                                                                                                                  
JAMES                                                                                                                                                                                                   
FORD                                                                                                                                                                                                    

SQL> select null NULL
  2  ;
select null NULL
            *
ERROR at line 1:
ORA-00923: FROM keyword not found where expected 


SQL> set null NULL
SQL> select nume, comision, nvl(comision, 0) nvl_com, salariu + comision "Sal + Com", salariu + nvl(comision, 0) "sal + Nvl_Com" from angajati1 where id_dep = 30;

NUME                   COMISION    NVL_COM  Sal + Com sal + Nvl_Com                                                                                                                                     
-------------------- ---------- ---------- ---------- -------------                                                                                                                                     
ALLEN                       300        300       1900          1900                                                                                                                                     
WARD                        500        500       1750          1750                                                                                                                                     
MARTIN                     1400       1400       2650          2650                                                                                                                                     
BLAKE                NULL                0 NULL                2850                                                                                                                                     
TURNER                        0          0       1500          1500                                                                                                                                     
JAMES                NULL                0 NULL                 950                                                                                                                                     

6 rows selected.

SQL> set null ''
SQL> select user from dual;

USER                                                                                                                                                                                                    
--------------------------------------------------------------------------------------------------------------------------------                                                                        
SCOTT                                                                                                                                                                                                   

SQL> select avg(salariu) salariu from angajati1
  2  ;

   SALARIU                                                                                                                                                                                              
----------                                                                                                                                                                                              
 2157.8125                                                                                                                                                                                              

SQL> select avg(all salariu) salariu from angajati1;

   SALARIU                                                                                                                                                                                              
----------                                                                                                                                                                                              
 2157.8125                                                                                                                                                                                              

SQL> 
SQL> select avg(distinct salariu) salariu from angajati1;

   SALARIU                                                                                                                                                                                              
----------                                                                                                                                                                                              
    2162.5                                                                                                                                                                                              

SQL> select id_dep, avg(salariu) from angajati1
  2  group by id_dep
  3  order by 1;

    ID_DEP AVG(SALARIU)                                                                                                                                                                                 
---------- ------------                                                                                                                                                                                 
        10   2916.66667                                                                                                                                                                                 
        20         2175                                                                                                                                                                                 
        30   1566.66667                                                                                                                                                                                 
                   2750                                                                                                                                                                                 

SQL> 
SQL> select id_dep, avg (salariu + nvl(comision, 0)) from angajati1 group by id_dep having avg(salariu + nvl(comision, 0)) > 2000;

    ID_DEP AVG(SALARIU+NVL(COMISION,0))                                                                                                                                                                 
---------- ----------------------------                                                                                                                                                                 
        10                   2916.66667                                                                                                                                                                 
                                   2750                                                                                                                                                                 
        20                         2175                                                                                                                                                                 

SQL> select id_dep, count(*) nr_ang, count(salariu) count, count(all salariu) count_all, count(distinct salariu) count_distinct from angajati1 group by id_dep order by 1;

    ID_DEP     NR_ANG      COUNT  COUNT_ALL COUNT_DISTINCT                                                                                                                                              
---------- ---------- ---------- ---------- --------------                                                                                                                                              
        10          3          3          3              3                                                                                                                                              
        20          5          5          5              4                                                                                                                                              
        30          6          6          6              5                                                                                                                                              
                    2          2          2              2                                                                                                                                              

SQL> select id_dep, count(functie) count, count(distinct functie) count_distinctie from angajati1 group by id_dep having count(distinct functie) >= 2 order by 1;

    ID_DEP      COUNT COUNT_DISTINCTIE                                                                                                                                                                  
---------- ---------- ----------------                                                                                                                                                                  
        10          3                3                                                                                                                                                                  
        20          5                3                                                                                                                                                                  
        30          6                3                                                                                                                                                                  
                    2                2                                                                                                                                                                  

SQL> 
SQL> 
SQL> select d.den_dep,
  2  min(a.salariu) sal_min,
  3  min(distinct a.salariu) sal_min_d,
  4  max(a.salariu) sal_max,
  5  max(distinct a.salariu) sal_max_d,
  6  sum(a.salariu) sal_sum,
  7  sum(distinct a.salariu) sal_sum_d,
  8  from angajati1 a natural join departamente d
  9  group by d.den_dep
 10  order by d.den_dep;
from angajati1 a natural join departamente d
*
ERROR at line 8:
ORA-00936: missing expression 


SQL> edit
Wrote file afiedt.buf

  1  select d.den_dep,
  2  min(a.salariu) sal_min,
  3  min(distinct a.salariu) sal_min_d,
  4  max(a.salariu) sal_max,
  5  max(distinct a.salariu) sal_max_d,
  6  sum(a.salariu) sal_sum,
  7  sum(distinct a.salariu) sal_sum_d
  8  from angajati1 a natural join departamente d
  9  group by d.den_dep
 10* order by d.den_dep
SQL> /

DEN_DEP                           SAL_MIN  SAL_MIN_D    SAL_MAX  SAL_MAX_D    SAL_SUM  SAL_SUM_D                                                                                                        
------------------------------ ---------- ---------- ---------- ---------- ---------- ----------                                                                                                        
ACCOUNTING                           1300       1300       5000       5000       8750       8750                                                                                                        
RESEARCH                              800        800       3000       3000      10875       7875                                                                                                        
SALES                                 950        950       2850       2850       9400       8150                                                                                                        

SQL> select id_dep,
  2  variance (salariu) sal_varstd,
  3  variance (distinct salariu) sal_varstd_d,
  4  stddev (salariu) sal_devstd,
  5  stddev (distinct salariu) sal_devstd_d,
  6  stddev (comision) com_devstd
  7  from angajati1
  8  group by id_dep
  9  order by 1;

    ID_DEP SAL_VARSTD SAL_VARSTD_D SAL_DEVSTD SAL_DEVSTD_D COM_DEVSTD                                                                                                                                   
---------- ---------- ------------ ---------- ------------ ----------                                                                                                                                   
        10 3585833.33   3585833.33 1893.62967   1893.62967                                                                                                                                              
        20    1261875   1398906.25  1123.3321   1182.75367                                                                                                                                              
        30 446666.667       528250 668.331255    726.80809 602.771377                                                                                                                                   
              1125000      1125000 1060.66017   1060.66017                                                                                                                                              

SQL> 
SQL> 
SQL> select * from angajati1;

    ID_ANG NUME                 FUNCTIE       ID_SEF DATA_ANG     SALARIU   COMISION     ID_DEP                                                                                                         
---------- -------------------- --------- ---------- --------- ---------- ---------- ----------                                                                                                         
      7369 SMITH                CLERK           7902 17-DEC-80        800                    20                                                                                                         
      7499 ALLEN                SALESMAN        7698 20-FEB-81       1600        300         30                                                                                                         
      7521 WARD                 SALESMAN        7698 22-FEB-81       1250        500         30                                                                                                         
      7566 JONES                MANAGER         7839 02-APR-81       2975                    20                                                                                                         
      7654 MARTIN               SALESMAN        7698 28-SEP-81       1250       1400         30                                                                                                         
      7698 BLAKE                MANAGER         7839 01-MAY-81       2850                    30                                                                                                         
      7782 CLARK                MANAGER         7839 09-JUN-81       2450                    10                                                                                                         
      7788 SCOTT                ANALYST         7566 19-APR-87       3000                    20                                                                                                         
      7839 KING                 PRESIDENT            17-NOV-81       5000                    10                                                                                                         
      7844 TURNER               SALESMAN        7698 08-SEP-81       1500          0         30                                                                                                         
      7876 ADAMS                CLERK           7788 23-MAY-87       1100                    20                                                                                                         
      7900 JAMES                CLERK           7698 03-DEC-81        950                    30                                                                                                         
      7902 FORD                 ANALYST         7566 03-DEC-81       3000                    20                                                                                                         
      7934 MILLER               CLERK           7782 23-JAN-82       1300                    10                                                                                                         
      1111 IONESCU              CLERK                                2000                                                                                                                               
      1112 POPESCU              ANALYST                              3500                                                                                                                               

16 rows selected.

SQL> 
SQL> select d.den_dep as "Den_depart", a2.nume as "Nume_sef", a2.salariu+nvl(a2.comision,0) as "Venit_sef", avg(all a1.salariu+nvl(a1.comision,0)) as "Venit_med_sub" from angajati a1 natural join angajati a2 on a2.id_ang=a1.id_sef join departamente d on d.id_dep=a2.id_dep where a2.salariu+nvl(a2.comision,0)>a1.salariu+nvl(a1.comision,0) group by a1.id_dep;
select d.den_dep as "Den_depart", a2.nume as "Nume_sef", a2.salariu+nvl(a2.comision,0) as "Venit_sef", avg(all a1.salariu+nvl(a1.comision,0)) as "Venit_med_sub" from angajati a1 natural join angajati a2 on a2.id_ang=a1.id_sef join departamente d on d.id_dep=a2.id_dep where a2.salariu+nvl(a2.comision,0)>a1.salariu+nvl(a1.comision,0) group by a1.id_dep
                                                                                                                                                                                                           *
ERROR at line 1:
ORA-00933: SQL command not properly ended 


SQL> select d.den_dep as "Den_depart", a2.nume as "Nume_sef", a2.salariu+nvl(a2.comision,0) as "Venit_sef", avg(all a1.salariu+nvl(a1.comision,0)) as "Venit_med_sub" from angajati a1 natural join angajati a2 on a2.id_ang=a1.id_sef join departamente d on d.id_dep=a2.id_dep where a2.salariu+nvl(a2.comision,0)>a1.salariu+nvl(a1.comision,0) group by a1.id_dep order by a1.id_dep;
select d.den_dep as "Den_depart", a2.nume as "Nume_sef", a2.salariu+nvl(a2.comision,0) as "Venit_sef", avg(all a1.salariu+nvl(a1.comision,0)) as "Venit_med_sub" from angajati a1 natural join angajati a2 on a2.id_ang=a1.id_sef join departamente d on d.id_dep=a2.id_dep where a2.salariu+nvl(a2.comision,0)>a1.salariu+nvl(a1.comision,0) group by a1.id_dep order by a1.id_dep
                                                                                                                                                                                                           *
ERROR at line 1:
ORA-00933: SQL command not properly ended 


SQL> 
SQL> 
SQL> 
SQL> select d.den_dep as "Den_depart", a2.nume as "Nume_sef", a2.salariu+nvl(a2.comision,0) as "Venit_sef", avg(all a1.salariu+nvl(a1.comision,0)) as "Venit_med_sub" from angajati a1 natural join angajati a2 on a2.id_ang=a1.id_sef join departamente d on d.id_dep=a2.id_dep;
select d.den_dep as "Den_depart", a2.nume as "Nume_sef", a2.salariu+nvl(a2.comision,0) as "Venit_sef", avg(all a1.salariu+nvl(a1.comision,0)) as "Venit_med_sub" from angajati a1 natural join angajati a2 on a2.id_ang=a1.id_sef join departamente d on d.id_dep=a2.id_dep
                                                                                                                                                                                                           *
ERROR at line 1:
ORA-00933: SQL command not properly ended 


SQL> select d.den_dep as "Den_depart", a2.nume as "Nume_sef", a2.salariu+nvl(a2.comision,0) as "Venit_sef", avg(a1.salariu+nvl(a1.comision,0)) as "Venit_med_sub" from angajati a1 natural join angajati a2 on a2.id_ang=a1.id_sef join departamente d on d.id_dep=a2.id_dep;
select d.den_dep as "Den_depart", a2.nume as "Nume_sef", a2.salariu+nvl(a2.comision,0) as "Venit_sef", avg(a1.salariu+nvl(a1.comision,0)) as "Venit_med_sub" from angajati a1 natural join angajati a2 on a2.id_ang=a1.id_sef join departamente d on d.id_dep=a2.id_dep
                                                                                                                                                                                                       *
ERROR at line 1:
ORA-00933: SQL command not properly ended 


SQL> select d.den_dep as "Den_depart", a2.nume as "Nume_sef", a2.salariu+nvl(a2.comision,0) as "Venit_sef", avg(a1.salariu+nvl(a1.comision,0)) as "Venit_med_sub" from angajati a1 join angajati a2 on a2.id_ang=a1.id_sef join departamente d on d.id_dep=a2.id_dep;
select d.den_dep as "Den_depart", a2.nume as "Nume_sef", a2.salariu+nvl(a2.comision,0) as "Venit_sef", avg(a1.salariu+nvl(a1.comision,0)) as "Venit_med_sub" from angajati a1 join angajati a2 on a2.id_ang=a1.id_sef join departamente d on d.id_dep=a2.id_dep
                                                                                                                          *
ERROR at line 1:
ORA-00904: "A1"."COMISION": invalid identifier 


SQL> select d.den_dep as "Den_depart", a2.nume as "Nume_sef", a2.salariu+nvl(a2.comision,0) as "Venit_sef", avg(a1.salariu+nvl(a1.comision,0)) as "Venit_med_sub" from angajati1 a1 join angajati1 a2 on a2.id_ang=a1.id_sef join departamente d on d.id_dep=a2.id_dep;
select d.den_dep as "Den_depart", a2.nume as "Nume_sef", a2.salariu+nvl(a2.comision,0) as "Venit_sef", avg(a1.salariu+nvl(a1.comision,0)) as "Venit_med_sub" from angajati1 a1 join angajati1 a2 on a2.id_ang=a1.id_sef join departamente d on d.id_dep=a2.id_dep
       *
ERROR at line 1:
ORA-00937: not a single-group group function 


SQL> select d.den_dep as "Den_depart", a2.nume as "Nume_sef", a2.salariu+nvl(a2.comision,0) as "Venit_sef", avg(a1.salariu+nvl(a1.comision,0)) as "Venit_med_sub" from angajati1 a1 join angajati1 a2 on a2.id_ang=a1.id_sef join departamente d on d.id_dep=a2.id_dep group by d.id_dep;
select d.den_dep as "Den_depart", a2.nume as "Nume_sef", a2.salariu+nvl(a2.comision,0) as "Venit_sef", avg(a1.salariu+nvl(a1.comision,0)) as "Venit_med_sub" from angajati1 a1 join angajati1 a2 on a2.id_ang=a1.id_sef join departamente d on d.id_dep=a2.id_dep group by d.id_dep
       *
ERROR at line 1:
ORA-00979: not a GROUP BY expression 


SQL> select d.den_dep as "Den_depart", a2.nume as "Nume_sef", a2.salariu+nvl(a2.comision,0) as "Venit_sef", avg(a1.salariu+nvl(a1.comision,0)) as "Venit_med_sub" from angajati1 a1 join angajati1 a2 on a2.id_ang=a1.id_sef join departamente d on d.id_dep=a2.id_dep;
select d.den_dep as "Den_depart", a2.nume as "Nume_sef", a2.salariu+nvl(a2.comision,0) as "Venit_sef", avg(a1.salariu+nvl(a1.comision,0)) as "Venit_med_sub" from angajati1 a1 join angajati1 a2 on a2.id_ang=a1.id_sef join departamente d on d.id_dep=a2.id_dep
       *
ERROR at line 1:
ORA-00937: not a single-group group function 


SQL> select d.den_dep as "Den_depart", a2.nume as "Nume_sef", a2.salariu+nvl(a2.comision,0) as "Venit_sef", avg(a1.salariu+nvl(a1.comision,0)) as "Venit_med_sub" from angajati1 a1 join angajati1 a2 on a2.id_ang=a1.id_sef join departamente d on d.id_dep=a2.id_dep group by a2.id_dep order by a1.id_dep;
select d.den_dep as "Den_depart", a2.nume as "Nume_sef", a2.salariu+nvl(a2.comision,0) as "Venit_sef", avg(a1.salariu+nvl(a1.comision,0)) as "Venit_med_sub" from angajati1 a1 join angajati1 a2 on a2.id_ang=a1.id_sef join departamente d on d.id_dep=a2.id_dep group by a2.id_dep order by a1.id_dep
       *
ERROR at line 1:
ORA-00979: not a GROUP BY expression 


SQL> 
SQL> 
SQL> 
SQL> 
SQL> 
SQL> 
SQL> select d.den_dep as "Den_depart", a2.nume as "Nume_sef", a2.salariu+nvl(a2.comision,0) as "Venit_sef", avg(a1.salariu+nvl(a1.comision,0)) as "Venit_med_sub" from angajati1 a1 join angajati1 a2 on a2.id_ang=a1.id_sef join departamente d a2.id_dep order by a1.id_dep;
select d.den_dep as "Den_depart", a2.nume as "Nume_sef", a2.salariu+nvl(a2.comision,0) as "Venit_sef", avg(a1.salariu+nvl(a1.comision,0)) as "Venit_med_sub" from angajati1 a1 join angajati1 a2 on a2.id_ang=a1.id_sef join departamente d a2.id_dep order by a1.id_dep
                                                                                                                                                                                                                                            *
ERROR at line 1:
ORA-00905: missing keyword 


SQL> select d.den_dep as "Den_depart", a2.nume as "Nume_sef", a2.salariu+nvl(a2.comision,0) as "Venit_sef", avg(a1.salariu+nvl(a1.comision,0)) as "Venit_med_sub" from angajati1 a1 join angajati1 a2 on a2.id_ang=a1.id_sef join departamente d;
select d.den_dep as "Den_depart", a2.nume as "Nume_sef", a2.salariu+nvl(a2.comision,0) as "Venit_sef", avg(a1.salariu+nvl(a1.comision,0)) as "Venit_med_sub" from angajati1 a1 join angajati1 a2 on a2.id_ang=a1.id_sef join departamente d
                                                                                                                                                                                                                                          *
ERROR at line 1:
ORA-00905: missing keyword 


SQL> select d.den_dep as "Den_depart", a2.nume as "Nume_sef", a2.salariu+nvl(a2.comision,0) as "Venit_sef", avg(a1.salariu+nvl(a1.comision,0)) as "Venit_med_sub" from angajati1 a1 join angajati1 a2 on a2.id_ang=a1.id_sef join departamente d where a1.id_dep=d.id_dep;
select d.den_dep as "Den_depart", a2.nume as "Nume_sef", a2.salariu+nvl(a2.comision,0) as "Venit_sef", avg(a1.salariu+nvl(a1.comision,0)) as "Venit_med_sub" from angajati1 a1 join angajati1 a2 on a2.id_ang=a1.id_sef join departamente d where a1.id_dep=d.id_dep
                                                                                                                                                                                                                                            *
ERROR at line 1:
ORA-00905: missing keyword 


SQL> select d.den_dep as "Den_depart", a2.nume as "Nume_sef", a2.salariu+nvl(a2.comision,0) as "Venit_sef", avg(a1.salariu+nvl(a1.comision,0)) as "Venit_med_sub" from angajati1 a1 join angajati1 a2 on a2.id_ang=a1.id_sef full outer join departamente d on d.id_dep=a2.id_dep;
select d.den_dep as "Den_depart", a2.nume as "Nume_sef", a2.salariu+nvl(a2.comision,0) as "Venit_sef", avg(a1.salariu+nvl(a1.comision,0)) as "Venit_med_sub" from angajati1 a1 join angajati1 a2 on a2.id_ang=a1.id_sef full outer join departamente d on d.id_dep=a2.id_dep
       *
ERROR at line 1:
ORA-00937: not a single-group group function 


SQL> select d.den_dep as "Den_depart", a2.nume as "Nume_sef", a2.salariu+nvl(a2.comision,0) as "Venit_sef", avg(a1.salariu+nvl(a1.comision,0)) as "Venit_med_sub" from angajati1 a1 join angajati1 a2 on a2.id_ang=a1.id_sef full outer join departamente d on d.id_dep=a2.id_dep group by a2.id_dep;
select d.den_dep as "Den_depart", a2.nume as "Nume_sef", a2.salariu+nvl(a2.comision,0) as "Venit_sef", avg(a1.salariu+nvl(a1.comision,0)) as "Venit_med_sub" from angajati1 a1 join angajati1 a2 on a2.id_ang=a1.id_sef full outer join departamente d on d.id_dep=a2.id_dep group by a2.id_dep
       *
ERROR at line 1:
ORA-00979: not a GROUP BY expression 


SQL> select d.den_dep as "Den_depart", a2.nume as "Nume_sef", a2.salariu+nvl(a2.comision,0) as "Venit_sef", avg(a1.salariu+nvl(a1.comision,0)) as "Venit_med_sub" from angajati1 a2 join angajati1 a1 on a2.id_ang=a1.id_sef full outer join departamente d on d.id_dep=a2.id_dep group by a2.id_dep;
select d.den_dep as "Den_depart", a2.nume as "Nume_sef", a2.salariu+nvl(a2.comision,0) as "Venit_sef", avg(a1.salariu+nvl(a1.comision,0)) as "Venit_med_sub" from angajati1 a2 join angajati1 a1 on a2.id_ang=a1.id_sef full outer join departamente d on d.id_dep=a2.id_dep group by a2.id_dep
       *
ERROR at line 1:
ORA-00979: not a GROUP BY expression 


SQL> select d.den_dep as "Den_depart", a2.nume as "Nume_sef", a2.salariu+nvl(a2.comision,0) as "Venit_sef", avg(a1.salariu+nvl(a1.comision,0)) as "Venit_med_sub" from angajati1 a2 join angajati1 a1 on a2.id_sef=a1.id_ang full outer join departamente d on a2.id_dep=d.id_dep group by a2.id_dep;
select d.den_dep as "Den_depart", a2.nume as "Nume_sef", a2.salariu+nvl(a2.comision,0) as "Venit_sef", avg(a1.salariu+nvl(a1.comision,0)) as "Venit_med_sub" from angajati1 a2 join angajati1 a1 on a2.id_sef=a1.id_ang full outer join departamente d on a2.id_dep=d.id_dep group by a2.id_dep
       *
ERROR at line 1:
ORA-00979: not a GROUP BY expression 


SQL> select d.den_dep as "Den_depart", a2.nume as "Nume_sef", a2.salariu+nvl(a2.comision,0) as "Venit_sef", avg(a1.salariu+nvl(a1.comision,0)) as "Venit_med_sub" from angajati1 a2, angajati1 a1, departamente d group by a1.id_dep having a1.id_sef=a2.id_ang;
select d.den_dep as "Den_depart", a2.nume as "Nume_sef", a2.salariu+nvl(a2.comision,0) as "Venit_sef", avg(a1.salariu+nvl(a1.comision,0)) as "Venit_med_sub" from angajati1 a2, angajati1 a1, departamente d group by a1.id_dep having a1.id_sef=a2.id_ang
                                                                                                                                                                                                                                       *
ERROR at line 1:
ORA-00979: not a GROUP BY expression 


SQL> select d.den_dep as "Den_depart", a2.nume as "Nume_sef", a2.salariu+nvl(a2.comision,0) as "Venit_sef", avg(a1.salariu+nvl(a1.comision,0)) as "Venit_med_sub" from angajati1 a2, angajati1 a1, departamente d group by a1.id_dep;
select d.den_dep as "Den_depart", a2.nume as "Nume_sef", a2.salariu+nvl(a2.comision,0) as "Venit_sef", avg(a1.salariu+nvl(a1.comision,0)) as "Venit_med_sub" from angajati1 a2, angajati1 a1, departamente d group by a1.id_dep
       *
ERROR at line 1:
ORA-00979: not a GROUP BY expression 


SQL> select d.den_dep as "Den_depart", a2.nume as "Nume_sef", a2.salariu+nvl(a2.comision,0) as "Venit_sef" from angajati1 a2, angajati1 a1, departamente d group by a1.id_dep;
select d.den_dep as "Den_depart", a2.nume as "Nume_sef", a2.salariu+nvl(a2.comision,0) as "Venit_sef" from angajati1 a2, angajati1 a1, departamente d group by a1.id_dep
       *
ERROR at line 1:
ORA-00979: not a GROUP BY expression 


SQL> 
SQL> 
SQL> 
SQL> 
SQL> select d.den_dep as "Den_depart", a2.nume as "Nume_sef", a2.salariu+nvl(a2.comision,0) as "Venit_sef" from angajati1 a2, angajati1 a1, departamente d group by a1.id_dep;
select d.den_dep as "Den_depart", a2.nume as "Nume_sef", a2.salariu+nvl(a2.comision,0) as "Venit_sef" from angajati1 a2, angajati1 a1, departamente d group by a1.id_dep
       *
ERROR at line 1:
ORA-00979: not a GROUP BY expression 


SQL> select d.den_dep as "Den_depart", a2.nume as "Nume_sef", a2.salariu+nvl(a2.comision,0) as "Venit_sef" from angajati1 a2, angajati1 a1, departamente d group by a1.id_dep having d.id_dep=a1.id_dep;
select d.den_dep as "Den_depart", a2.nume as "Nume_sef", a2.salariu+nvl(a2.comision,0) as "Venit_sef" from angajati1 a2, angajati1 a1, departamente d group by a1.id_dep having d.id_dep=a1.id_dep
                                                                                                                                                                                *
ERROR at line 1:
ORA-00979: not a GROUP BY expression 


SQL> select d.den_dep as "Den_depart", a2.nume as "Nume_sef", a2.salariu+nvl(a2.comision,0) as "Venit_sef" from angajati1 a2, angajati1 a1, departamente d group by a1.id_dep where d.id_dep=a1.id_dep;
select d.den_dep as "Den_depart", a2.nume as "Nume_sef", a2.salariu+nvl(a2.comision,0) as "Venit_sef" from angajati1 a2, angajati1 a1, departamente d group by a1.id_dep where d.id_dep=a1.id_dep
                                                                                                                                                                         *
ERROR at line 1:
ORA-00933: SQL command not properly ended 


SQL> select a1.id__dep as "Den_depart", a2.nume as "Nume_sef", a2.salariu+nvl(a2.comision,0) as "Venit_sef" from angajati1 a2, angajati1 a1, departamente d group by a1.id_dep;
select a1.id__dep as "Den_depart", a2.nume as "Nume_sef", a2.salariu+nvl(a2.comision,0) as "Venit_sef" from angajati1 a2, angajati1 a1, departamente d group by a1.id_dep
       *
ERROR at line 1:
ORA-00904: "A1"."ID__DEP": invalid identifier 


SQL> select a1.id_dep as "Den_depart", a2.nume as "Nume_sef", a2.salariu+nvl(a2.comision,0) as "Venit_sef" from angajati1 a2, angajati1 a1, departamente d group by a1.id_dep;
select a1.id_dep as "Den_depart", a2.nume as "Nume_sef", a2.salariu+nvl(a2.comision,0) as "Venit_sef" from angajati1 a2, angajati1 a1, departamente d group by a1.id_dep
                                  *
ERROR at line 1:
ORA-00979: not a GROUP BY expression 


SQL> 
SQL> 
SQL> 
SQL> 
SQL> select a1.id_dep as "Den_depart", a2.nume as "Nume_sef", a2.salariu+nvl(a2.comision,0) as "Venit_sef" from angajati1 a2, angajati1 a1, departamente d group by a1.id_dep;
select a1.id_dep as "Den_depart", a2.nume as "Nume_sef", a2.salariu+nvl(a2.comision,0) as "Venit_sef" from angajati1 a2, angajati1 a1, departamente d group by a1.id_dep
                                  *
ERROR at line 1:
ORA-00979: not a GROUP BY expression 


SQL> select a1.id_dep as "Den_depart", a2.nume as "Nume_sef", a2.salariu+nvl(a2.comision,0) as "Venit_sef" from angajati1 a2, angajati1 a1, departamente d group by a1.id_dep having a2.id_ang=a1.id_sef;
select a1.id_dep as "Den_depart", a2.nume as "Nume_sef", a2.salariu+nvl(a2.comision,0) as "Venit_sef" from angajati1 a2, angajati1 a1, departamente d group by a1.id_dep having a2.id_ang=a1.id_sef
                                                                                                                                                                                *
ERROR at line 1:
ORA-00979: not a GROUP BY expression 


SQL> select a1.id_dep as "Den_depart", a2.nume as "Nume_sef", a2.salariu+nvl(a2.comision,0) as "Venit_sef" from angajati1 a2, angajati1 a1, departamente d group by a1.id_dep having a1.id_sef=a2.id_ang;
select a1.id_dep as "Den_depart", a2.nume as "Nume_sef", a2.salariu+nvl(a2.comision,0) as "Venit_sef" from angajati1 a2, angajati1 a1, departamente d group by a1.id_dep having a1.id_sef=a2.id_ang
                                                                                                                                                                                *
ERROR at line 1:
ORA-00979: not a GROUP BY expression 


SQL> select a1.id_dep as "Den_depart", a2.nume as "Nume_sef", a2.salariu+nvl(a2.comision,0) as "Venit_sef" from angajati1 a2, angajati1 a1, departamente d;

Den_depart Nume_sef              Venit_sef                                                                                                                                                              
---------- -------------------- ----------                                                                                                                                                              
        20 SMITH                       800                                                                                                                                                              
        20 ALLEN                      1900                                                                                                                                                              
        20 WARD                       1750                                                                                                                                                              
        20 JONES                      2975                                                                                                                                                              
        20 MARTIN                     2650                                                                                                                                                              
        20 BLAKE                      2850                                                                                                                                                              
        20 CLARK                      2450                                                                                                                                                              
        20 SCOTT                      3000                                                                                                                                                              
        20 KING                       5000                                                                                                                                                              
        20 TURNER                     1500                                                                                                                                                              
        20 ADAMS                      1100                                                                                                                                                              
        20 JAMES                       950                                                                                                                                                              
        20 FORD                       3000                                                                                                                                                              
        20 MILLER                     1300                                                                                                                                                              
        20 IONESCU                    2000                                                                                                                                                              
        20 POPESCU                    3500                                                                                                                                                              
        30 SMITH                       800                                                                                                                                                              
        30 ALLEN                      1900                                                                                                                                                              
        30 WARD                       1750                                                                                                                                                              
        30 JONES                      2975                                                                                                                                                              
        30 MARTIN                     2650                                                                                                                                                              
        30 BLAKE                      2850                                                                                                                                                              
        30 CLARK                      2450                                                                                                                                                              
        30 SCOTT                      3000                                                                                                                                                              
        30 KING                       5000                                                                                                                                                              
        30 TURNER                     1500                                                                                                                                                              
        30 ADAMS                      1100                                                                                                                                                              
        30 JAMES                       950                                                                                                                                                              
        30 FORD                       3000                                                                                                                                                              
        30 MILLER                     1300                                                                                                                                                              
        30 IONESCU                    2000                                                                                                                                                              
        30 POPESCU                    3500                                                                                                                                                              
        30 SMITH                       800                                                                                                                                                              
        30 ALLEN                      1900                                                                                                                                                              
        30 WARD                       1750                                                                                                                                                              
        30 JONES                      2975                                                                                                                                                              
        30 MARTIN                     2650                                                                                                                                                              
        30 BLAKE                      2850                                                                                                                                                              
        30 CLARK                      2450                                                                                                                                                              
        30 SCOTT                      3000                                                                                                                                                              
        30 KING                       5000                                                                                                                                                              
        30 TURNER                     1500                                                                                                                                                              
        30 ADAMS                      1100                                                                                                                                                              
        30 JAMES                       950                                                                                                                                                              
        30 FORD                       3000                                                                                                                                                              
        30 MILLER                     1300                                                                                                                                                              
        30 IONESCU                    2000                                                                                                                                                              
        30 POPESCU                    3500                                                                                                                                                              
        20 SMITH                       800                                                                                                                                                              
        20 ALLEN                      1900                                                                                                                                                              
        20 WARD                       1750                                                                                                                                                              
        20 JONES                      2975                                                                                                                                                              
        20 MARTIN                     2650                                                                                                                                                              
        20 BLAKE                      2850                                                                                                                                                              
        20 CLARK                      2450                                                                                                                                                              
        20 SCOTT                      3000                                                                                                                                                              
        20 KING                       5000                                                                                                                                                              
        20 TURNER                     1500                                                                                                                                                              
        20 ADAMS                      1100                                                                                                                                                              
        20 JAMES                       950                                                                                                                                                              
        20 FORD                       3000                                                                                                                                                              
        20 MILLER                     1300                                                                                                                                                              
        20 IONESCU                    2000                                                                                                                                                              
        20 POPESCU                    3500                                                                                                                                                              
        30 SMITH                       800                                                                                                                                                              
        30 ALLEN                      1900                                                                                                                                                              
        30 WARD                       1750                                                                                                                                                              
        30 JONES                      2975                                                                                                                                                              
        30 MARTIN                     2650                                                                                                                                                              
        30 BLAKE                      2850                                                                                                                                                              
        30 CLARK                      2450                                                                                                                                                              
        30 SCOTT                      3000                                                                                                                                                              
        30 KING                       5000                                                                                                                                                              
        30 TURNER                     1500                                                                                                                                                              
        30 ADAMS                      1100                                                                                                                                                              
        30 JAMES                       950                                                                                                                                                              
        30 FORD                       3000                                                                                                                                                              
        30 MILLER                     1300                                                                                                                                                              
        30 IONESCU                    2000                                                                                                                                                              
        30 POPESCU                    3500                                                                                                                                                              
        30 SMITH                       800                                                                                                                                                              
        30 ALLEN                      1900                                                                                                                                                              
        30 WARD                       1750                                                                                                                                                              
        30 JONES                      2975                                                                                                                                                              
        30 MARTIN                     2650                                                                                                                                                              
        30 BLAKE                      2850                                                                                                                                                              
        30 CLARK                      2450                                                                                                                                                              
        30 SCOTT                      3000                                                                                                                                                              
        30 KING                       5000                                                                                                                                                              
        30 TURNER                     1500                                                                                                                                                              
        30 ADAMS                      1100                                                                                                                                                              
        30 JAMES                       950                                                                                                                                                              
        30 FORD                       3000                                                                                                                                                              
        30 MILLER                     1300                                                                                                                                                              
        30 IONESCU                    2000                                                                                                                                                              
        30 POPESCU                    3500                                                                                                                                                              
        10 SMITH                       800                                                                                                                                                              

Den_depart Nume_sef              Venit_sef                                                                                                                                                              
---------- -------------------- ----------                                                                                                                                                              
        10 ALLEN                      1900                                                                                                                                                              
        10 WARD                       1750                                                                                                                                                              
        10 JONES                      2975                                                                                                                                                              
        10 MARTIN                     2650                                                                                                                                                              
        10 BLAKE                      2850                                                                                                                                                              
        10 CLARK                      2450                                                                                                                                                              
        10 SCOTT                      3000                                                                                                                                                              
        10 KING                       5000                                                                                                                                                              
        10 TURNER                     1500                                                                                                                                                              
        10 ADAMS                      1100                                                                                                                                                              
        10 JAMES                       950                                                                                                                                                              
        10 FORD                       3000                                                                                                                                                              
        10 MILLER                     1300                                                                                                                                                              
        10 IONESCU                    2000                                                                                                                                                              
        10 POPESCU                    3500                                                                                                                                                              
        20 SMITH                       800                                                                                                                                                              
        20 ALLEN                      1900                                                                                                                                                              
        20 WARD                       1750                                                                                                                                                              
        20 JONES                      2975                                                                                                                                                              
        20 MARTIN                     2650                                                                                                                                                              
        20 BLAKE                      2850                                                                                                                                                              
        20 CLARK                      2450                                                                                                                                                              
        20 SCOTT                      3000                                                                                                                                                              
        20 KING                       5000                                                                                                                                                              
        20 TURNER                     1500                                                                                                                                                              
        20 ADAMS                      1100                                                                                                                                                              
        20 JAMES                       950                                                                                                                                                              
        20 FORD                       3000                                                                                                                                                              
        20 MILLER                     1300                                                                                                                                                              
        20 IONESCU                    2000                                                                                                                                                              
        20 POPESCU                    3500                                                                                                                                                              
        10 SMITH                       800                                                                                                                                                              
        10 ALLEN                      1900                                                                                                                                                              
        10 WARD                       1750                                                                                                                                                              
        10 JONES                      2975                                                                                                                                                              
        10 MARTIN                     2650                                                                                                                                                              
        10 BLAKE                      2850                                                                                                                                                              
        10 CLARK                      2450                                                                                                                                                              
        10 SCOTT                      3000                                                                                                                                                              
        10 KING                       5000                                                                                                                                                              
        10 TURNER                     1500                                                                                                                                                              
        10 ADAMS                      1100                                                                                                                                                              
        10 JAMES                       950                                                                                                                                                              
        10 FORD                       3000                                                                                                                                                              
        10 MILLER                     1300                                                                                                                                                              
        10 IONESCU                    2000                                                                                                                                                              
        10 POPESCU                    3500                                                                                                                                                              
        30 SMITH                       800                                                                                                                                                              
        30 ALLEN                      1900                                                                                                                                                              
        30 WARD                       1750                                                                                                                                                              
        30 JONES                      2975                                                                                                                                                              
        30 MARTIN                     2650                                                                                                                                                              
        30 BLAKE                      2850                                                                                                                                                              
        30 CLARK                      2450                                                                                                                                                              
        30 SCOTT                      3000                                                                                                                                                              
        30 KING                       5000                                                                                                                                                              
        30 TURNER                     1500                                                                                                                                                              
        30 ADAMS                      1100                                                                                                                                                              
        30 JAMES                       950                                                                                                                                                              
        30 FORD                       3000                                                                                                                                                              
        30 MILLER                     1300                                                                                                                                                              
        30 IONESCU                    2000                                                                                                                                                              
        30 POPESCU                    3500                                                                                                                                                              
        20 SMITH                       800                                                                                                                                                              
        20 ALLEN                      1900                                                                                                                                                              
        20 WARD                       1750                                                                                                                                                              
        20 JONES                      2975                                                                                                                                                              
        20 MARTIN                     2650                                                                                                                                                              
        20 BLAKE                      2850                                                                                                                                                              
        20 CLARK                      2450                                                                                                                                                              
        20 SCOTT                      3000                                                                                                                                                              
        20 KING                       5000                                                                                                                                                              
        20 TURNER                     1500                                                                                                                                                              
        20 ADAMS                      1100                                                                                                                                                              
        20 JAMES                       950                                                                                                                                                              
        20 FORD                       3000                                                                                                                                                              
        20 MILLER                     1300                                                                                                                                                              
        20 IONESCU                    2000                                                                                                                                                              
        20 POPESCU                    3500                                                                                                                                                              
        30 SMITH                       800                                                                                                                                                              
        30 ALLEN                      1900                                                                                                                                                              
        30 WARD                       1750                                                                                                                                                              
        30 JONES                      2975                                                                                                                                                              
        30 MARTIN                     2650                                                                                                                                                              
        30 BLAKE                      2850                                                                                                                                                              
        30 CLARK                      2450                                                                                                                                                              
        30 SCOTT                      3000                                                                                                                                                              
        30 KING                       5000                                                                                                                                                              
        30 TURNER                     1500                                                                                                                                                              
        30 ADAMS                      1100                                                                                                                                                              
        30 JAMES                       950                                                                                                                                                              
        30 FORD                       3000                                                                                                                                                              
        30 MILLER                     1300                                                                                                                                                              
        30 IONESCU                    2000                                                                                                                                                              
        30 POPESCU                    3500                                                                                                                                                              
        20 SMITH                       800                                                                                                                                                              
        20 ALLEN                      1900                                                                                                                                                              

Den_depart Nume_sef              Venit_sef                                                                                                                                                              
---------- -------------------- ----------                                                                                                                                                              
        20 WARD                       1750                                                                                                                                                              
        20 JONES                      2975                                                                                                                                                              
        20 MARTIN                     2650                                                                                                                                                              
        20 BLAKE                      2850                                                                                                                                                              
        20 CLARK                      2450                                                                                                                                                              
        20 SCOTT                      3000                                                                                                                                                              
        20 KING                       5000                                                                                                                                                              
        20 TURNER                     1500                                                                                                                                                              
        20 ADAMS                      1100                                                                                                                                                              
        20 JAMES                       950                                                                                                                                                              
        20 FORD                       3000                                                                                                                                                              
        20 MILLER                     1300                                                                                                                                                              
        20 IONESCU                    2000                                                                                                                                                              
        20 POPESCU                    3500                                                                                                                                                              
        10 SMITH                       800                                                                                                                                                              
        10 ALLEN                      1900                                                                                                                                                              
        10 WARD                       1750                                                                                                                                                              
        10 JONES                      2975                                                                                                                                                              
        10 MARTIN                     2650                                                                                                                                                              
        10 BLAKE                      2850                                                                                                                                                              
        10 CLARK                      2450                                                                                                                                                              
        10 SCOTT                      3000                                                                                                                                                              
        10 KING                       5000                                                                                                                                                              
        10 TURNER                     1500                                                                                                                                                              
        10 ADAMS                      1100                                                                                                                                                              
        10 JAMES                       950                                                                                                                                                              
        10 FORD                       3000                                                                                                                                                              
        10 MILLER                     1300                                                                                                                                                              
        10 IONESCU                    2000                                                                                                                                                              
        10 POPESCU                    3500                                                                                                                                                              
           SMITH                       800                                                                                                                                                              
           ALLEN                      1900                                                                                                                                                              
           WARD                       1750                                                                                                                                                              
           JONES                      2975                                                                                                                                                              
           MARTIN                     2650                                                                                                                                                              
           BLAKE                      2850                                                                                                                                                              
           CLARK                      2450                                                                                                                                                              
           SCOTT                      3000                                                                                                                                                              
           KING                       5000                                                                                                                                                              
           TURNER                     1500                                                                                                                                                              
           ADAMS                      1100                                                                                                                                                              
           JAMES                       950                                                                                                                                                              
           FORD                       3000                                                                                                                                                              
           MILLER                     1300                                                                                                                                                              
           IONESCU                    2000                                                                                                                                                              
           POPESCU                    3500                                                                                                                                                              
           SMITH                       800                                                                                                                                                              
           ALLEN                      1900                                                                                                                                                              
           WARD                       1750                                                                                                                                                              
           JONES                      2975                                                                                                                                                              
           MARTIN                     2650                                                                                                                                                              
           BLAKE                      2850                                                                                                                                                              
           CLARK                      2450                                                                                                                                                              
           SCOTT                      3000                                                                                                                                                              
           KING                       5000                                                                                                                                                              
           TURNER                     1500                                                                                                                                                              
           ADAMS                      1100                                                                                                                                                              
           JAMES                       950                                                                                                                                                              
           FORD                       3000                                                                                                                                                              
           MILLER                     1300                                                                                                                                                              
           IONESCU                    2000                                                                                                                                                              
           POPESCU                    3500                                                                                                                                                              
        20 SMITH                       800                                                                                                                                                              
        20 ALLEN                      1900                                                                                                                                                              
        20 WARD                       1750                                                                                                                                                              
        20 JONES                      2975                                                                                                                                                              
        20 MARTIN                     2650                                                                                                                                                              
        20 BLAKE                      2850                                                                                                                                                              
        20 CLARK                      2450                                                                                                                                                              
        20 SCOTT                      3000                                                                                                                                                              
        20 KING                       5000                                                                                                                                                              
        20 TURNER                     1500                                                                                                                                                              
        20 ADAMS                      1100                                                                                                                                                              
        20 JAMES                       950                                                                                                                                                              
        20 FORD                       3000                                                                                                                                                              
        20 MILLER                     1300                                                                                                                                                              
        20 IONESCU                    2000                                                                                                                                                              
        20 POPESCU                    3500                                                                                                                                                              
        30 SMITH                       800                                                                                                                                                              
        30 ALLEN                      1900                                                                                                                                                              
        30 WARD                       1750                                                                                                                                                              
        30 JONES                      2975                                                                                                                                                              
        30 MARTIN                     2650                                                                                                                                                              
        30 BLAKE                      2850                                                                                                                                                              
        30 CLARK                      2450                                                                                                                                                              
        30 SCOTT                      3000                                                                                                                                                              
        30 KING                       5000                                                                                                                                                              
        30 TURNER                     1500                                                                                                                                                              
        30 ADAMS                      1100                                                                                                                                                              
        30 JAMES                       950                                                                                                                                                              
        30 FORD                       3000                                                                                                                                                              
        30 MILLER                     1300                                                                                                                                                              
        30 IONESCU                    2000                                                                                                                                                              
        30 POPESCU                    3500                                                                                                                                                              
        30 SMITH                       800                                                                                                                                                              
        30 ALLEN                      1900                                                                                                                                                              
        30 WARD                       1750                                                                                                                                                              

Den_depart Nume_sef              Venit_sef                                                                                                                                                              
---------- -------------------- ----------                                                                                                                                                              
        30 JONES                      2975                                                                                                                                                              
        30 MARTIN                     2650                                                                                                                                                              
        30 BLAKE                      2850                                                                                                                                                              
        30 CLARK                      2450                                                                                                                                                              
        30 SCOTT                      3000                                                                                                                                                              
        30 KING                       5000                                                                                                                                                              
        30 TURNER                     1500                                                                                                                                                              
        30 ADAMS                      1100                                                                                                                                                              
        30 JAMES                       950                                                                                                                                                              
        30 FORD                       3000                                                                                                                                                              
        30 MILLER                     1300                                                                                                                                                              
        30 IONESCU                    2000                                                                                                                                                              
        30 POPESCU                    3500                                                                                                                                                              
        20 SMITH                       800                                                                                                                                                              
        20 ALLEN                      1900                                                                                                                                                              
        20 WARD                       1750                                                                                                                                                              
        20 JONES                      2975                                                                                                                                                              
        20 MARTIN                     2650                                                                                                                                                              
        20 BLAKE                      2850                                                                                                                                                              
        20 CLARK                      2450                                                                                                                                                              
        20 SCOTT                      3000                                                                                                                                                              
        20 KING                       5000                                                                                                                                                              
        20 TURNER                     1500                                                                                                                                                              
        20 ADAMS                      1100                                                                                                                                                              
        20 JAMES                       950                                                                                                                                                              
        20 FORD                       3000                                                                                                                                                              
        20 MILLER                     1300                                                                                                                                                              
        20 IONESCU                    2000                                                                                                                                                              
        20 POPESCU                    3500                                                                                                                                                              
        30 SMITH                       800                                                                                                                                                              
        30 ALLEN                      1900                                                                                                                                                              
        30 WARD                       1750                                                                                                                                                              
        30 JONES                      2975                                                                                                                                                              
        30 MARTIN                     2650                                                                                                                                                              
        30 BLAKE                      2850                                                                                                                                                              
        30 CLARK                      2450                                                                                                                                                              
        30 SCOTT                      3000                                                                                                                                                              
        30 KING                       5000                                                                                                                                                              
        30 TURNER                     1500                                                                                                                                                              
        30 ADAMS                      1100                                                                                                                                                              
        30 JAMES                       950                                                                                                                                                              
        30 FORD                       3000                                                                                                                                                              
        30 MILLER                     1300                                                                                                                                                              
        30 IONESCU                    2000                                                                                                                                                              
        30 POPESCU                    3500                                                                                                                                                              
        30 SMITH                       800                                                                                                                                                              
        30 ALLEN                      1900                                                                                                                                                              
        30 WARD                       1750                                                                                                                                                              
        30 JONES                      2975                                                                                                                                                              
        30 MARTIN                     2650                                                                                                                                                              
        30 BLAKE                      2850                                                                                                                                                              
        30 CLARK                      2450                                                                                                                                                              
        30 SCOTT                      3000                                                                                                                                                              
        30 KING                       5000                                                                                                                                                              
        30 TURNER                     1500                                                                                                                                                              
        30 ADAMS                      1100                                                                                                                                                              
        30 JAMES                       950                                                                                                                                                              
        30 FORD                       3000                                                                                                                                                              
        30 MILLER                     1300                                                                                                                                                              
        30 IONESCU                    2000                                                                                                                                                              
        30 POPESCU                    3500                                                                                                                                                              
        10 SMITH                       800                                                                                                                                                              
        10 ALLEN                      1900                                                                                                                                                              
        10 WARD                       1750                                                                                                                                                              
        10 JONES                      2975                                                                                                                                                              
        10 MARTIN                     2650                                                                                                                                                              
        10 BLAKE                      2850                                                                                                                                                              
        10 CLARK                      2450                                                                                                                                                              
        10 SCOTT                      3000                                                                                                                                                              
        10 KING                       5000                                                                                                                                                              
        10 TURNER                     1500                                                                                                                                                              
        10 ADAMS                      1100                                                                                                                                                              
        10 JAMES                       950                                                                                                                                                              
        10 FORD                       3000                                                                                                                                                              
        10 MILLER                     1300                                                                                                                                                              
        10 IONESCU                    2000                                                                                                                                                              
        10 POPESCU                    3500                                                                                                                                                              
        20 SMITH                       800                                                                                                                                                              
        20 ALLEN                      1900                                                                                                                                                              
        20 WARD                       1750                                                                                                                                                              
        20 JONES                      2975                                                                                                                                                              
        20 MARTIN                     2650                                                                                                                                                              
        20 BLAKE                      2850                                                                                                                                                              
        20 CLARK                      2450                                                                                                                                                              
        20 SCOTT                      3000                                                                                                                                                              
        20 KING                       5000                                                                                                                                                              
        20 TURNER                     1500                                                                                                                                                              
        20 ADAMS                      1100                                                                                                                                                              
        20 JAMES                       950                                                                                                                                                              
        20 FORD                       3000                                                                                                                                                              
        20 MILLER                     1300                                                                                                                                                              
        20 IONESCU                    2000                                                                                                                                                              
        20 POPESCU                    3500                                                                                                                                                              
        10 SMITH                       800                                                                                                                                                              
        10 ALLEN                      1900                                                                                                                                                              
        10 WARD                       1750                                                                                                                                                              
        10 JONES                      2975                                                                                                                                                              

Den_depart Nume_sef              Venit_sef                                                                                                                                                              
---------- -------------------- ----------                                                                                                                                                              
        10 MARTIN                     2650                                                                                                                                                              
        10 BLAKE                      2850                                                                                                                                                              
        10 CLARK                      2450                                                                                                                                                              
        10 SCOTT                      3000                                                                                                                                                              
        10 KING                       5000                                                                                                                                                              
        10 TURNER                     1500                                                                                                                                                              
        10 ADAMS                      1100                                                                                                                                                              
        10 JAMES                       950                                                                                                                                                              
        10 FORD                       3000                                                                                                                                                              
        10 MILLER                     1300                                                                                                                                                              
        10 IONESCU                    2000                                                                                                                                                              
        10 POPESCU                    3500                                                                                                                                                              
        30 SMITH                       800                                                                                                                                                              
        30 ALLEN                      1900                                                                                                                                                              
        30 WARD                       1750                                                                                                                                                              
        30 JONES                      2975                                                                                                                                                              
        30 MARTIN                     2650                                                                                                                                                              
        30 BLAKE                      2850                                                                                                                                                              
        30 CLARK                      2450                                                                                                                                                              
        30 SCOTT                      3000                                                                                                                                                              
        30 KING                       5000                                                                                                                                                              
        30 TURNER                     1500                                                                                                                                                              
        30 ADAMS                      1100                                                                                                                                                              
        30 JAMES                       950                                                                                                                                                              
        30 FORD                       3000                                                                                                                                                              
        30 MILLER                     1300                                                                                                                                                              
        30 IONESCU                    2000                                                                                                                                                              
        30 POPESCU                    3500                                                                                                                                                              
        20 SMITH                       800                                                                                                                                                              
        20 ALLEN                      1900                                                                                                                                                              
        20 WARD                       1750                                                                                                                                                              
        20 JONES                      2975                                                                                                                                                              
        20 MARTIN                     2650                                                                                                                                                              
        20 BLAKE                      2850                                                                                                                                                              
        20 CLARK                      2450                                                                                                                                                              
        20 SCOTT                      3000                                                                                                                                                              
        20 KING                       5000                                                                                                                                                              
        20 TURNER                     1500                                                                                                                                                              
        20 ADAMS                      1100                                                                                                                                                              
        20 JAMES                       950                                                                                                                                                              
        20 FORD                       3000                                                                                                                                                              
        20 MILLER                     1300                                                                                                                                                              
        20 IONESCU                    2000                                                                                                                                                              
        20 POPESCU                    3500                                                                                                                                                              
        30 SMITH                       800                                                                                                                                                              
        30 ALLEN                      1900                                                                                                                                                              
        30 WARD                       1750                                                                                                                                                              
        30 JONES                      2975                                                                                                                                                              
        30 MARTIN                     2650                                                                                                                                                              
        30 BLAKE                      2850                                                                                                                                                              
        30 CLARK                      2450                                                                                                                                                              
        30 SCOTT                      3000                                                                                                                                                              
        30 KING                       5000                                                                                                                                                              
        30 TURNER                     1500                                                                                                                                                              
        30 ADAMS                      1100                                                                                                                                                              
        30 JAMES                       950                                                                                                                                                              
        30 FORD                       3000                                                                                                                                                              
        30 MILLER                     1300                                                                                                                                                              
        30 IONESCU                    2000                                                                                                                                                              
        30 POPESCU                    3500                                                                                                                                                              
        20 SMITH                       800                                                                                                                                                              
        20 ALLEN                      1900                                                                                                                                                              
        20 WARD                       1750                                                                                                                                                              
        20 JONES                      2975                                                                                                                                                              
        20 MARTIN                     2650                                                                                                                                                              
        20 BLAKE                      2850                                                                                                                                                              
        20 CLARK                      2450                                                                                                                                                              
        20 SCOTT                      3000                                                                                                                                                              
        20 KING                       5000                                                                                                                                                              
        20 TURNER                     1500                                                                                                                                                              
        20 ADAMS                      1100                                                                                                                                                              
        20 JAMES                       950                                                                                                                                                              
        20 FORD                       3000                                                                                                                                                              
        20 MILLER                     1300                                                                                                                                                              
        20 IONESCU                    2000                                                                                                                                                              
        20 POPESCU                    3500                                                                                                                                                              
        10 SMITH                       800                                                                                                                                                              
        10 ALLEN                      1900                                                                                                                                                              
        10 WARD                       1750                                                                                                                                                              
        10 JONES                      2975                                                                                                                                                              
        10 MARTIN                     2650                                                                                                                                                              
        10 BLAKE                      2850                                                                                                                                                              
        10 CLARK                      2450                                                                                                                                                              
        10 SCOTT                      3000                                                                                                                                                              
        10 KING                       5000                                                                                                                                                              
        10 TURNER                     1500                                                                                                                                                              
        10 ADAMS                      1100                                                                                                                                                              
        10 JAMES                       950                                                                                                                                                              
        10 FORD                       3000                                                                                                                                                              
        10 MILLER                     1300                                                                                                                                                              
        10 IONESCU                    2000                                                                                                                                                              
        10 POPESCU                    3500                                                                                                                                                              
           SMITH                       800                                                                                                                                                              
           ALLEN                      1900                                                                                                                                                              
           WARD                       1750                                                                                                                                                              
           JONES                      2975                                                                                                                                                              
           MARTIN                     2650                                                                                                                                                              

Den_depart Nume_sef              Venit_sef                                                                                                                                                              
---------- -------------------- ----------                                                                                                                                                              
           BLAKE                      2850                                                                                                                                                              
           CLARK                      2450                                                                                                                                                              
           SCOTT                      3000                                                                                                                                                              
           KING                       5000                                                                                                                                                              
           TURNER                     1500                                                                                                                                                              
           ADAMS                      1100                                                                                                                                                              
           JAMES                       950                                                                                                                                                              
           FORD                       3000                                                                                                                                                              
           MILLER                     1300                                                                                                                                                              
           IONESCU                    2000                                                                                                                                                              
           POPESCU                    3500                                                                                                                                                              
           SMITH                       800                                                                                                                                                              
           ALLEN                      1900                                                                                                                                                              
           WARD                       1750                                                                                                                                                              
           JONES                      2975                                                                                                                                                              
           MARTIN                     2650                                                                                                                                                              
           BLAKE                      2850                                                                                                                                                              
           CLARK                      2450                                                                                                                                                              
           SCOTT                      3000                                                                                                                                                              
           KING                       5000                                                                                                                                                              
           TURNER                     1500                                                                                                                                                              
           ADAMS                      1100                                                                                                                                                              
           JAMES                       950                                                                                                                                                              
           FORD                       3000                                                                                                                                                              
           MILLER                     1300                                                                                                                                                              
           IONESCU                    2000                                                                                                                                                              
           POPESCU                    3500                                                                                                                                                              
        20 SMITH                       800                                                                                                                                                              
        20 ALLEN                      1900                                                                                                                                                              
        20 WARD                       1750                                                                                                                                                              
        20 JONES                      2975                                                                                                                                                              
        20 MARTIN                     2650                                                                                                                                                              
        20 BLAKE                      2850                                                                                                                                                              
        20 CLARK                      2450                                                                                                                                                              
        20 SCOTT                      3000                                                                                                                                                              
        20 KING                       5000                                                                                                                                                              
        20 TURNER                     1500                                                                                                                                                              
        20 ADAMS                      1100                                                                                                                                                              
        20 JAMES                       950                                                                                                                                                              
        20 FORD                       3000                                                                                                                                                              
        20 MILLER                     1300                                                                                                                                                              
        20 IONESCU                    2000                                                                                                                                                              
        20 POPESCU                    3500                                                                                                                                                              
        30 SMITH                       800                                                                                                                                                              
        30 ALLEN                      1900                                                                                                                                                              
        30 WARD                       1750                                                                                                                                                              
        30 JONES                      2975                                                                                                                                                              
        30 MARTIN                     2650                                                                                                                                                              
        30 BLAKE                      2850                                                                                                                                                              
        30 CLARK                      2450                                                                                                                                                              
        30 SCOTT                      3000                                                                                                                                                              
        30 KING                       5000                                                                                                                                                              
        30 TURNER                     1500                                                                                                                                                              
        30 ADAMS                      1100                                                                                                                                                              
        30 JAMES                       950                                                                                                                                                              
        30 FORD                       3000                                                                                                                                                              
        30 MILLER                     1300                                                                                                                                                              
        30 IONESCU                    2000                                                                                                                                                              
        30 POPESCU                    3500                                                                                                                                                              
        30 SMITH                       800                                                                                                                                                              
        30 ALLEN                      1900                                                                                                                                                              
        30 WARD                       1750                                                                                                                                                              
        30 JONES                      2975                                                                                                                                                              
        30 MARTIN                     2650                                                                                                                                                              
        30 BLAKE                      2850                                                                                                                                                              
        30 CLARK                      2450                                                                                                                                                              
        30 SCOTT                      3000                                                                                                                                                              
        30 KING                       5000                                                                                                                                                              
        30 TURNER                     1500                                                                                                                                                              
        30 ADAMS                      1100                                                                                                                                                              
        30 JAMES                       950                                                                                                                                                              
        30 FORD                       3000                                                                                                                                                              
        30 MILLER                     1300                                                                                                                                                              
        30 IONESCU                    2000                                                                                                                                                              
        30 POPESCU                    3500                                                                                                                                                              
        20 SMITH                       800                                                                                                                                                              
        20 ALLEN                      1900                                                                                                                                                              
        20 WARD                       1750                                                                                                                                                              
        20 JONES                      2975                                                                                                                                                              
        20 MARTIN                     2650                                                                                                                                                              
        20 BLAKE                      2850                                                                                                                                                              
        20 CLARK                      2450                                                                                                                                                              
        20 SCOTT                      3000                                                                                                                                                              
        20 KING                       5000                                                                                                                                                              
        20 TURNER                     1500                                                                                                                                                              
        20 ADAMS                      1100                                                                                                                                                              
        20 JAMES                       950                                                                                                                                                              
        20 FORD                       3000                                                                                                                                                              
        20 MILLER                     1300                                                                                                                                                              
        20 IONESCU                    2000                                                                                                                                                              
        20 POPESCU                    3500                                                                                                                                                              
        30 SMITH                       800                                                                                                                                                              
        30 ALLEN                      1900                                                                                                                                                              
        30 WARD                       1750                                                                                                                                                              
        30 JONES                      2975                                                                                                                                                              
        30 MARTIN                     2650                                                                                                                                                              
        30 BLAKE                      2850                                                                                                                                                              

Den_depart Nume_sef              Venit_sef                                                                                                                                                              
---------- -------------------- ----------                                                                                                                                                              
        30 CLARK                      2450                                                                                                                                                              
        30 SCOTT                      3000                                                                                                                                                              
        30 KING                       5000                                                                                                                                                              
        30 TURNER                     1500                                                                                                                                                              
        30 ADAMS                      1100                                                                                                                                                              
        30 JAMES                       950                                                                                                                                                              
        30 FORD                       3000                                                                                                                                                              
        30 MILLER                     1300                                                                                                                                                              
        30 IONESCU                    2000                                                                                                                                                              
        30 POPESCU                    3500                                                                                                                                                              
        30 SMITH                       800                                                                                                                                                              
        30 ALLEN                      1900                                                                                                                                                              
        30 WARD                       1750                                                                                                                                                              
        30 JONES                      2975                                                                                                                                                              
        30 MARTIN                     2650                                                                                                                                                              
        30 BLAKE                      2850                                                                                                                                                              
        30 CLARK                      2450                                                                                                                                                              
        30 SCOTT                      3000                                                                                                                                                              
        30 KING                       5000                                                                                                                                                              
        30 TURNER                     1500                                                                                                                                                              
        30 ADAMS                      1100                                                                                                                                                              
        30 JAMES                       950                                                                                                                                                              
        30 FORD                       3000                                                                                                                                                              
        30 MILLER                     1300                                                                                                                                                              
        30 IONESCU                    2000                                                                                                                                                              
        30 POPESCU                    3500                                                                                                                                                              
        10 SMITH                       800                                                                                                                                                              
        10 ALLEN                      1900                                                                                                                                                              
        10 WARD                       1750                                                                                                                                                              
        10 JONES                      2975                                                                                                                                                              
        10 MARTIN                     2650                                                                                                                                                              
        10 BLAKE                      2850                                                                                                                                                              
        10 CLARK                      2450                                                                                                                                                              
        10 SCOTT                      3000                                                                                                                                                              
        10 KING                       5000                                                                                                                                                              
        10 TURNER                     1500                                                                                                                                                              
        10 ADAMS                      1100                                                                                                                                                              
        10 JAMES                       950                                                                                                                                                              
        10 FORD                       3000                                                                                                                                                              
        10 MILLER                     1300                                                                                                                                                              
        10 IONESCU                    2000                                                                                                                                                              
        10 POPESCU                    3500                                                                                                                                                              
        20 SMITH                       800                                                                                                                                                              
        20 ALLEN                      1900                                                                                                                                                              
        20 WARD                       1750                                                                                                                                                              
        20 JONES                      2975                                                                                                                                                              
        20 MARTIN                     2650                                                                                                                                                              
        20 BLAKE                      2850                                                                                                                                                              
        20 CLARK                      2450                                                                                                                                                              
        20 SCOTT                      3000                                                                                                                                                              
        20 KING                       5000                                                                                                                                                              
        20 TURNER                     1500                                                                                                                                                              
        20 ADAMS                      1100                                                                                                                                                              
        20 JAMES                       950                                                                                                                                                              
        20 FORD                       3000                                                                                                                                                              
        20 MILLER                     1300                                                                                                                                                              
        20 IONESCU                    2000                                                                                                                                                              
        20 POPESCU                    3500                                                                                                                                                              
        10 SMITH                       800                                                                                                                                                              
        10 ALLEN                      1900                                                                                                                                                              
        10 WARD                       1750                                                                                                                                                              
        10 JONES                      2975                                                                                                                                                              
        10 MARTIN                     2650                                                                                                                                                              
        10 BLAKE                      2850                                                                                                                                                              
        10 CLARK                      2450                                                                                                                                                              
        10 SCOTT                      3000                                                                                                                                                              
        10 KING                       5000                                                                                                                                                              
        10 TURNER                     1500                                                                                                                                                              
        10 ADAMS                      1100                                                                                                                                                              
        10 JAMES                       950                                                                                                                                                              
        10 FORD                       3000                                                                                                                                                              
        10 MILLER                     1300                                                                                                                                                              
        10 IONESCU                    2000                                                                                                                                                              
        10 POPESCU                    3500                                                                                                                                                              
        30 SMITH                       800                                                                                                                                                              
        30 ALLEN                      1900                                                                                                                                                              
        30 WARD                       1750                                                                                                                                                              
        30 JONES                      2975                                                                                                                                                              
        30 MARTIN                     2650                                                                                                                                                              
        30 BLAKE                      2850                                                                                                                                                              
        30 CLARK                      2450                                                                                                                                                              
        30 SCOTT                      3000                                                                                                                                                              
        30 KING                       5000                                                                                                                                                              
        30 TURNER                     1500                                                                                                                                                              
        30 ADAMS                      1100                                                                                                                                                              
        30 JAMES                       950                                                                                                                                                              
        30 FORD                       3000                                                                                                                                                              
        30 MILLER                     1300                                                                                                                                                              
        30 IONESCU                    2000                                                                                                                                                              
        30 POPESCU                    3500                                                                                                                                                              
        20 SMITH                       800                                                                                                                                                              
        20 ALLEN                      1900                                                                                                                                                              
        20 WARD                       1750                                                                                                                                                              
        20 JONES                      2975                                                                                                                                                              
        20 MARTIN                     2650                                                                                                                                                              
        20 BLAKE                      2850                                                                                                                                                              
        20 CLARK                      2450                                                                                                                                                              

Den_depart Nume_sef              Venit_sef                                                                                                                                                              
---------- -------------------- ----------                                                                                                                                                              
        20 SCOTT                      3000                                                                                                                                                              
        20 KING                       5000                                                                                                                                                              
        20 TURNER                     1500                                                                                                                                                              
        20 ADAMS                      1100                                                                                                                                                              
        20 JAMES                       950                                                                                                                                                              
        20 FORD                       3000                                                                                                                                                              
        20 MILLER                     1300                                                                                                                                                              
        20 IONESCU                    2000                                                                                                                                                              
        20 POPESCU                    3500                                                                                                                                                              
        30 SMITH                       800                                                                                                                                                              
        30 ALLEN                      1900                                                                                                                                                              
        30 WARD                       1750                                                                                                                                                              
        30 JONES                      2975                                                                                                                                                              
        30 MARTIN                     2650                                                                                                                                                              
        30 BLAKE                      2850                                                                                                                                                              
        30 CLARK                      2450                                                                                                                                                              
        30 SCOTT                      3000                                                                                                                                                              
        30 KING                       5000                                                                                                                                                              
        30 TURNER                     1500                                                                                                                                                              
        30 ADAMS                      1100                                                                                                                                                              
        30 JAMES                       950                                                                                                                                                              
        30 FORD                       3000                                                                                                                                                              
        30 MILLER                     1300                                                                                                                                                              
        30 IONESCU                    2000                                                                                                                                                              
        30 POPESCU                    3500                                                                                                                                                              
        20 SMITH                       800                                                                                                                                                              
        20 ALLEN                      1900                                                                                                                                                              
        20 WARD                       1750                                                                                                                                                              
        20 JONES                      2975                                                                                                                                                              
        20 MARTIN                     2650                                                                                                                                                              
        20 BLAKE                      2850                                                                                                                                                              
        20 CLARK                      2450                                                                                                                                                              
        20 SCOTT                      3000                                                                                                                                                              
        20 KING                       5000                                                                                                                                                              
        20 TURNER                     1500                                                                                                                                                              
        20 ADAMS                      1100                                                                                                                                                              
        20 JAMES                       950                                                                                                                                                              
        20 FORD                       3000                                                                                                                                                              
        20 MILLER                     1300                                                                                                                                                              
        20 IONESCU                    2000                                                                                                                                                              
        20 POPESCU                    3500                                                                                                                                                              
        10 SMITH                       800                                                                                                                                                              
        10 ALLEN                      1900                                                                                                                                                              
        10 WARD                       1750                                                                                                                                                              
        10 JONES                      2975                                                                                                                                                              
        10 MARTIN                     2650                                                                                                                                                              
        10 BLAKE                      2850                                                                                                                                                              
        10 CLARK                      2450                                                                                                                                                              
        10 SCOTT                      3000                                                                                                                                                              
        10 KING                       5000                                                                                                                                                              
        10 TURNER                     1500                                                                                                                                                              
        10 ADAMS                      1100                                                                                                                                                              
        10 JAMES                       950                                                                                                                                                              
        10 FORD                       3000                                                                                                                                                              
        10 MILLER                     1300                                                                                                                                                              
        10 IONESCU                    2000                                                                                                                                                              
        10 POPESCU                    3500                                                                                                                                                              
           SMITH                       800                                                                                                                                                              
           ALLEN                      1900                                                                                                                                                              
           WARD                       1750                                                                                                                                                              
           JONES                      2975                                                                                                                                                              
           MARTIN                     2650                                                                                                                                                              
           BLAKE                      2850                                                                                                                                                              
           CLARK                      2450                                                                                                                                                              
           SCOTT                      3000                                                                                                                                                              
           KING                       5000                                                                                                                                                              
           TURNER                     1500                                                                                                                                                              
           ADAMS                      1100                                                                                                                                                              
           JAMES                       950                                                                                                                                                              
           FORD                       3000                                                                                                                                                              
           MILLER                     1300                                                                                                                                                              
           IONESCU                    2000                                                                                                                                                              
           POPESCU                    3500                                                                                                                                                              
           SMITH                       800                                                                                                                                                              
           ALLEN                      1900                                                                                                                                                              
           WARD                       1750                                                                                                                                                              
           JONES                      2975                                                                                                                                                              
           MARTIN                     2650                                                                                                                                                              
           BLAKE                      2850                                                                                                                                                              
           CLARK                      2450                                                                                                                                                              
           SCOTT                      3000                                                                                                                                                              
           KING                       5000                                                                                                                                                              
           TURNER                     1500                                                                                                                                                              
           ADAMS                      1100                                                                                                                                                              
           JAMES                       950                                                                                                                                                              
           FORD                       3000                                                                                                                                                              
           MILLER                     1300                                                                                                                                                              
           IONESCU                    2000                                                                                                                                                              
           POPESCU                    3500                                                                                                                                                              
        20 SMITH                       800                                                                                                                                                              
        20 ALLEN                      1900                                                                                                                                                              
        20 WARD                       1750                                                                                                                                                              
        20 JONES                      2975                                                                                                                                                              
        20 MARTIN                     2650                                                                                                                                                              
        20 BLAKE                      2850                                                                                                                                                              
        20 CLARK                      2450                                                                                                                                                              
        20 SCOTT                      3000                                                                                                                                                              

Den_depart Nume_sef              Venit_sef                                                                                                                                                              
---------- -------------------- ----------                                                                                                                                                              
        20 KING                       5000                                                                                                                                                              
        20 TURNER                     1500                                                                                                                                                              
        20 ADAMS                      1100                                                                                                                                                              
        20 JAMES                       950                                                                                                                                                              
        20 FORD                       3000                                                                                                                                                              
        20 MILLER                     1300                                                                                                                                                              
        20 IONESCU                    2000                                                                                                                                                              
        20 POPESCU                    3500                                                                                                                                                              
        30 SMITH                       800                                                                                                                                                              
        30 ALLEN                      1900                                                                                                                                                              
        30 WARD                       1750                                                                                                                                                              
        30 JONES                      2975                                                                                                                                                              
        30 MARTIN                     2650                                                                                                                                                              
        30 BLAKE                      2850                                                                                                                                                              
        30 CLARK                      2450                                                                                                                                                              
        30 SCOTT                      3000                                                                                                                                                              
        30 KING                       5000                                                                                                                                                              
        30 TURNER                     1500                                                                                                                                                              
        30 ADAMS                      1100                                                                                                                                                              
        30 JAMES                       950                                                                                                                                                              
        30 FORD                       3000                                                                                                                                                              
        30 MILLER                     1300                                                                                                                                                              
        30 IONESCU                    2000                                                                                                                                                              
        30 POPESCU                    3500                                                                                                                                                              
        30 SMITH                       800                                                                                                                                                              
        30 ALLEN                      1900                                                                                                                                                              
        30 WARD                       1750                                                                                                                                                              
        30 JONES                      2975                                                                                                                                                              
        30 MARTIN                     2650                                                                                                                                                              
        30 BLAKE                      2850                                                                                                                                                              
        30 CLARK                      2450                                                                                                                                                              
        30 SCOTT                      3000                                                                                                                                                              
        30 KING                       5000                                                                                                                                                              
        30 TURNER                     1500                                                                                                                                                              
        30 ADAMS                      1100                                                                                                                                                              
        30 JAMES                       950                                                                                                                                                              
        30 FORD                       3000                                                                                                                                                              
        30 MILLER                     1300                                                                                                                                                              
        30 IONESCU                    2000                                                                                                                                                              
        30 POPESCU                    3500                                                                                                                                                              
        20 SMITH                       800                                                                                                                                                              
        20 ALLEN                      1900                                                                                                                                                              
        20 WARD                       1750                                                                                                                                                              
        20 JONES                      2975                                                                                                                                                              
        20 MARTIN                     2650                                                                                                                                                              
        20 BLAKE                      2850                                                                                                                                                              
        20 CLARK                      2450                                                                                                                                                              
        20 SCOTT                      3000                                                                                                                                                              
        20 KING                       5000                                                                                                                                                              
        20 TURNER                     1500                                                                                                                                                              
        20 ADAMS                      1100                                                                                                                                                              
        20 JAMES                       950                                                                                                                                                              
        20 FORD                       3000                                                                                                                                                              
        20 MILLER                     1300                                                                                                                                                              
        20 IONESCU                    2000                                                                                                                                                              
        20 POPESCU                    3500                                                                                                                                                              
        30 SMITH                       800                                                                                                                                                              
        30 ALLEN                      1900                                                                                                                                                              
        30 WARD                       1750                                                                                                                                                              
        30 JONES                      2975                                                                                                                                                              
        30 MARTIN                     2650                                                                                                                                                              
        30 BLAKE                      2850                                                                                                                                                              
        30 CLARK                      2450                                                                                                                                                              
        30 SCOTT                      3000                                                                                                                                                              
        30 KING                       5000                                                                                                                                                              
        30 TURNER                     1500                                                                                                                                                              
        30 ADAMS                      1100                                                                                                                                                              
        30 JAMES                       950                                                                                                                                                              
        30 FORD                       3000                                                                                                                                                              
        30 MILLER                     1300                                                                                                                                                              
        30 IONESCU                    2000                                                                                                                                                              
        30 POPESCU                    3500                                                                                                                                                              
        30 SMITH                       800                                                                                                                                                              
        30 ALLEN                      1900                                                                                                                                                              
        30 WARD                       1750                                                                                                                                                              
        30 JONES                      2975                                                                                                                                                              
        30 MARTIN                     2650                                                                                                                                                              
        30 BLAKE                      2850                                                                                                                                                              
        30 CLARK                      2450                                                                                                                                                              
        30 SCOTT                      3000                                                                                                                                                              
        30 KING                       5000                                                                                                                                                              
        30 TURNER                     1500                                                                                                                                                              
        30 ADAMS                      1100                                                                                                                                                              
        30 JAMES                       950                                                                                                                                                              
        30 FORD                       3000                                                                                                                                                              
        30 MILLER                     1300                                                                                                                                                              
        30 IONESCU                    2000                                                                                                                                                              
        30 POPESCU                    3500                                                                                                                                                              
        10 SMITH                       800                                                                                                                                                              
        10 ALLEN                      1900                                                                                                                                                              
        10 WARD                       1750                                                                                                                                                              
        10 JONES                      2975                                                                                                                                                              
        10 MARTIN                     2650                                                                                                                                                              
        10 BLAKE                      2850                                                                                                                                                              
        10 CLARK                      2450                                                                                                                                                              
        10 SCOTT                      3000                                                                                                                                                              
        10 KING                       5000                                                                                                                                                              

Den_depart Nume_sef              Venit_sef                                                                                                                                                              
---------- -------------------- ----------                                                                                                                                                              
        10 TURNER                     1500                                                                                                                                                              
        10 ADAMS                      1100                                                                                                                                                              
        10 JAMES                       950                                                                                                                                                              
        10 FORD                       3000                                                                                                                                                              
        10 MILLER                     1300                                                                                                                                                              
        10 IONESCU                    2000                                                                                                                                                              
        10 POPESCU                    3500                                                                                                                                                              
        20 SMITH                       800                                                                                                                                                              
        20 ALLEN                      1900                                                                                                                                                              
        20 WARD                       1750                                                                                                                                                              
        20 JONES                      2975                                                                                                                                                              
        20 MARTIN                     2650                                                                                                                                                              
        20 BLAKE                      2850                                                                                                                                                              
        20 CLARK                      2450                                                                                                                                                              
        20 SCOTT                      3000                                                                                                                                                              
        20 KING                       5000                                                                                                                                                              
        20 TURNER                     1500                                                                                                                                                              
        20 ADAMS                      1100                                                                                                                                                              
        20 JAMES                       950                                                                                                                                                              
        20 FORD                       3000                                                                                                                                                              
        20 MILLER                     1300                                                                                                                                                              
        20 IONESCU                    2000                                                                                                                                                              
        20 POPESCU                    3500                                                                                                                                                              
        10 SMITH                       800                                                                                                                                                              
        10 ALLEN                      1900                                                                                                                                                              
        10 WARD                       1750                                                                                                                                                              
        10 JONES                      2975                                                                                                                                                              
        10 MARTIN                     2650                                                                                                                                                              
        10 BLAKE                      2850                                                                                                                                                              
        10 CLARK                      2450                                                                                                                                                              
        10 SCOTT                      3000                                                                                                                                                              
        10 KING                       5000                                                                                                                                                              
        10 TURNER                     1500                                                                                                                                                              
        10 ADAMS                      1100                                                                                                                                                              
        10 JAMES                       950                                                                                                                                                              
        10 FORD                       3000                                                                                                                                                              
        10 MILLER                     1300                                                                                                                                                              
        10 IONESCU                    2000                                                                                                                                                              
        10 POPESCU                    3500                                                                                                                                                              
        30 SMITH                       800                                                                                                                                                              
        30 ALLEN                      1900                                                                                                                                                              
        30 WARD                       1750                                                                                                                                                              
        30 JONES                      2975                                                                                                                                                              
        30 MARTIN                     2650                                                                                                                                                              
        30 BLAKE                      2850                                                                                                                                                              
        30 CLARK                      2450                                                                                                                                                              
        30 SCOTT                      3000                                                                                                                                                              
        30 KING                       5000                                                                                                                                                              
        30 TURNER                     1500                                                                                                                                                              
        30 ADAMS                      1100                                                                                                                                                              
        30 JAMES                       950                                                                                                                                                              
        30 FORD                       3000                                                                                                                                                              
        30 MILLER                     1300                                                                                                                                                              
        30 IONESCU                    2000                                                                                                                                                              
        30 POPESCU                    3500                                                                                                                                                              
        20 SMITH                       800                                                                                                                                                              
        20 ALLEN                      1900                                                                                                                                                              
        20 WARD                       1750                                                                                                                                                              
        20 JONES                      2975                                                                                                                                                              
        20 MARTIN                     2650                                                                                                                                                              
        20 BLAKE                      2850                                                                                                                                                              
        20 CLARK                      2450                                                                                                                                                              
        20 SCOTT                      3000                                                                                                                                                              
        20 KING                       5000                                                                                                                                                              
        20 TURNER                     1500                                                                                                                                                              
        20 ADAMS                      1100                                                                                                                                                              
        20 JAMES                       950                                                                                                                                                              
        20 FORD                       3000                                                                                                                                                              
        20 MILLER                     1300                                                                                                                                                              
        20 IONESCU                    2000                                                                                                                                                              
        20 POPESCU                    3500                                                                                                                                                              
        30 SMITH                       800                                                                                                                                                              
        30 ALLEN                      1900                                                                                                                                                              
        30 WARD                       1750                                                                                                                                                              
        30 JONES                      2975                                                                                                                                                              
        30 MARTIN                     2650                                                                                                                                                              
        30 BLAKE                      2850                                                                                                                                                              
        30 CLARK                      2450                                                                                                                                                              
        30 SCOTT                      3000                                                                                                                                                              
        30 KING                       5000                                                                                                                                                              
        30 TURNER                     1500                                                                                                                                                              
        30 ADAMS                      1100                                                                                                                                                              
        30 JAMES                       950                                                                                                                                                              
        30 FORD                       3000                                                                                                                                                              
        30 MILLER                     1300                                                                                                                                                              
        30 IONESCU                    2000                                                                                                                                                              
        30 POPESCU                    3500                                                                                                                                                              
        20 SMITH                       800                                                                                                                                                              
        20 ALLEN                      1900                                                                                                                                                              
        20 WARD                       1750                                                                                                                                                              
        20 JONES                      2975                                                                                                                                                              
        20 MARTIN                     2650                                                                                                                                                              
        20 BLAKE                      2850                                                                                                                                                              
        20 CLARK                      2450                                                                                                                                                              
        20 SCOTT                      3000                                                                                                                                                              
        20 KING                       5000                                                                                                                                                              
        20 TURNER                     1500                                                                                                                                                              

Den_depart Nume_sef              Venit_sef                                                                                                                                                              
---------- -------------------- ----------                                                                                                                                                              
        20 ADAMS                      1100                                                                                                                                                              
        20 JAMES                       950                                                                                                                                                              
        20 FORD                       3000                                                                                                                                                              
        20 MILLER                     1300                                                                                                                                                              
        20 IONESCU                    2000                                                                                                                                                              
        20 POPESCU                    3500                                                                                                                                                              
        10 SMITH                       800                                                                                                                                                              
        10 ALLEN                      1900                                                                                                                                                              
        10 WARD                       1750                                                                                                                                                              
        10 JONES                      2975                                                                                                                                                              
        10 MARTIN                     2650                                                                                                                                                              
        10 BLAKE                      2850                                                                                                                                                              
        10 CLARK                      2450                                                                                                                                                              
        10 SCOTT                      3000                                                                                                                                                              
        10 KING                       5000                                                                                                                                                              
        10 TURNER                     1500                                                                                                                                                              
        10 ADAMS                      1100                                                                                                                                                              
        10 JAMES                       950                                                                                                                                                              
        10 FORD                       3000                                                                                                                                                              
        10 MILLER                     1300                                                                                                                                                              
        10 IONESCU                    2000                                                                                                                                                              
        10 POPESCU                    3500                                                                                                                                                              
           SMITH                       800                                                                                                                                                              
           ALLEN                      1900                                                                                                                                                              
           WARD                       1750                                                                                                                                                              
           JONES                      2975                                                                                                                                                              
           MARTIN                     2650                                                                                                                                                              
           BLAKE                      2850                                                                                                                                                              
           CLARK                      2450                                                                                                                                                              
           SCOTT                      3000                                                                                                                                                              
           KING                       5000                                                                                                                                                              
           TURNER                     1500                                                                                                                                                              
           ADAMS                      1100                                                                                                                                                              
           JAMES                       950                                                                                                                                                              
           FORD                       3000                                                                                                                                                              
           MILLER                     1300                                                                                                                                                              
           IONESCU                    2000                                                                                                                                                              
           POPESCU                    3500                                                                                                                                                              
           SMITH                       800                                                                                                                                                              
           ALLEN                      1900                                                                                                                                                              
           WARD                       1750                                                                                                                                                              
           JONES                      2975                                                                                                                                                              
           MARTIN                     2650                                                                                                                                                              
           BLAKE                      2850                                                                                                                                                              
           CLARK                      2450                                                                                                                                                              
           SCOTT                      3000                                                                                                                                                              
           KING                       5000                                                                                                                                                              
           TURNER                     1500                                                                                                                                                              
           ADAMS                      1100                                                                                                                                                              
           JAMES                       950                                                                                                                                                              
           FORD                       3000                                                                                                                                                              
           MILLER                     1300                                                                                                                                                              
           IONESCU                    2000                                                                                                                                                              
           POPESCU                    3500                                                                                                                                                              

1024 rows selected.

SQL> select d.den_dep as "Den_depart", a2.nume as "Nume_sef", a2.salariu+nvl(a2.comision,0) as "Venit_sef" from angajati1 a2, angajati1 a1, departamente d having a2.id_ang=a1.id_sef;
select d.den_dep as "Den_depart", a2.nume as "Nume_sef", a2.salariu+nvl(a2.comision,0) as "Venit_sef" from angajati1 a2, angajati1 a1, departamente d having a2.id_ang=a1.id_sef
                                                                                                                                                             *
ERROR at line 1:
ORA-00979: not a GROUP BY expression 


SQL> select d.den_dep as "Den_depart", a2.nume as "Nume_sef", a2.salariu+nvl(a2.comision,0) as "Venit_sef" from angajati1 a2, angajati1 a1, departamente d having a2.id_ang=a1.id_sef group by a2.id_ang;
select d.den_dep as "Den_depart", a2.nume as "Nume_sef", a2.salariu+nvl(a2.comision,0) as "Venit_sef" from angajati1 a2, angajati1 a1, departamente d having a2.id_ang=a1.id_sef group by a2.id_ang
                                                                                                                                                                       *
ERROR at line 1:
ORA-00979: not a GROUP BY expression 


SQL> select d.den_dep as "Den_depart", a2.nume as "Nume_sef", a2.salariu+nvl(a2.comision,0) as "Venit_sef" from angajati1 a2, angajati1 a1, departamente d having a2.id_ang=a1.id_sef group by a2.id_ang;
select d.den_dep as "Den_depart", a2.nume as "Nume_sef", a2.salariu+nvl(a2.comision,0) as "Venit_sef" from angajati1 a2, angajati1 a1, departamente d having a2.id_ang=a1.id_sef group by a2.id_ang
                                                                                                                                                                       *
ERROR at line 1:
ORA-00979: not a GROUP BY expression 


SQL> select id_sef, avg(salariu+nvl(comision,0)) from angajati1 group by id_sef;

    ID_SEF AVG(SALARIU+NVL(COMISION,0))                                                                                                                                                                 
---------- ----------------------------                                                                                                                                                                 
      7788                         1100                                                                                                                                                                 
      7782                         1300                                                                                                                                                                 
      7698                         1750                                                                                                                                                                 
      7902                          800                                                                                                                                                                 
      7566                         3000                                                                                                                                                                 
                                   3500                                                                                                                                                                 
      7839                   2758.33333                                                                                                                                                                 

7 rows selected.

SQL> select a2.nume Nume_sef, avg(a1.salariu+nvl(a1.comision,0)) from angajati1 a1, angajati a2 group by a1.id_sef;
select a2.nume Nume_sef, avg(a1.salariu+nvl(a1.comision,0)) from angajati1 a1, angajati a2 group by a1.id_sef
       *
ERROR at line 1:
ORA-00979: not a GROUP BY expression 


SQL> select a2.nume Nume_sef, avg(a1.salariu+nvl(a1.comision,0)) from angajati1 a1, angajati a2 group by a1.id_sef having not id_sef is null;
select a2.nume Nume_sef, avg(a1.salariu+nvl(a1.comision,0)) from angajati1 a1, angajati a2 group by a1.id_sef having not id_sef is null
                                                                                                                         *
ERROR at line 1:
ORA-00918: column ambiguously defined 


SQL> select a2.nume Nume_sef, avg(a1.salariu+nvl(a1.comision,0)) from angajati1 a1, angajati a2 group by a1.id_sef having not a1.id_sef is null;
select a2.nume Nume_sef, avg(a1.salariu+nvl(a1.comision,0)) from angajati1 a1, angajati a2 group by a1.id_sef having not a1.id_sef is null
       *
ERROR at line 1:
ORA-00979: not a GROUP BY expression 


SQL> select a2.nume Nume_sef, avg(a1.salariu+nvl(a1.comision,0)) from angajati1 a1, angajati a2 group by a1.id_sef having not a1.id_sef is null and a1.id_sef=a2.id_ang;
select a2.nume Nume_sef, avg(a1.salariu+nvl(a1.comision,0)) from angajati1 a1, angajati a2 group by a1.id_sef having not a1.id_sef is null and a1.id_sef=a2.id_ang
                                                                                                                                                         *
ERROR at line 1:
ORA-00979: not a GROUP BY expression 


SQL> select a2.nume Nume_sef, avg(a1.salariu+nvl(a1.comision,0)) from angajati1 a1, angajati a2 group by a1.id_sef having a1.id_sef=a2.id_ang;
select a2.nume Nume_sef, avg(a1.salariu+nvl(a1.comision,0)) from angajati1 a1, angajati a2 group by a1.id_sef having a1.id_sef=a2.id_ang
                                                                                                                               *
ERROR at line 1:
ORA-00979: not a GROUP BY expression 


SQL> select a2.nume Nume_sef, avg(a1.salariu+nvl(a1.comision,0)) from angajati1 a1, angajati a2 group by a1.id_sef;
select a2.nume Nume_sef, avg(a1.salariu+nvl(a1.comision,0)) from angajati1 a1, angajati a2 group by a1.id_sef
       *
ERROR at line 1:
ORA-00979: not a GROUP BY expression 


SQL> select a2.nume Nume_sef, avg(a1.salariu+nvl(a1.comision,0)) from angajati1 a1, angajati a2 group by a1.id_sef;
select a2.nume Nume_sef, avg(a1.salariu+nvl(a1.comision,0)) from angajati1 a1, angajati a2 group by a1.id_sef
       *
ERROR at line 1:
ORA-00979: not a GROUP BY expression 


SQL> 
SQL> 
SQL> 
SQL> select d.den_dep as Den_dep,
  2  s.nume as Nume_sef,
  3  s.salariu + nvl(s.comision, 0) as Venit_sef,
  4  avg(a.salariu + nvl(a.comision, 0)) as Venit_med_sub
  5  from angajati a
  6  inner join angajati s
  7  on s.id_ang = a.id_sef
  8  inner join departamente d
  9  on d.id_dep = s.id_dep
 10  group by a.id_sef, d.den_dep, s.nume, s.salariu + nvl(s.comision, 0)
 11  having s.salariu + nvl(s.comision, 0) > avg(a.salariu + nvl(a.comision, 0));
having s.salariu + nvl(s.comision, 0) > avg(a.salariu + nvl(a.comision, 0))
                                                            *
ERROR at line 11:
ORA-00904: "A"."COMISION": invalid identifier 


SQL> edit
Wrote file afiedt.buf

  1  select d.den_dep as Den_dep,
  2  s.nume as Nume_sef,
  3  s.salariu + nvl(s.comision, 0) as Venit_sef,
  4  avg(a.salariu + nvl(a.comision, 0)) as Venit_med_sub
  5  from angajati1 a
  6  inner join angajati1 s
  7  on s.id_ang = a.id_sef
  8  inner join departamente d
  9  on d.id_dep = s.id_dep
 10  group by a.id_sef, d.den_dep, s.nume, s.salariu + nvl(s.comision, 0)
 11* having s.salariu + nvl(s.comision, 0) > avg(a.salariu + nvl(a.comision, 0))
SQL> /

DEN_DEP                        NUME_SEF              VENIT_SEF VENIT_MED_SUB                                                                                                                            
------------------------------ -------------------- ---------- -------------                                                                                                                            
SALES                          BLAKE                      2850          1750                                                                                                                            
ACCOUNTING                     KING                       5000    2758.33333                                                                                                                            
ACCOUNTING                     CLARK                      2450          1300                                                                                                                            
RESEARCH                       FORD                       3000           800                                                                                                                            
RESEARCH                       SCOTT                      3000          1100                                                                                                                            

SQL> select d.den_dep as "Den_depart", a2.nume as "Nume_sef", a2.salariu+nvl(a2.comision,0) as "Venit_sef", avg(a1.salariu+nvl(a1.comision,0)) as "Venit_med_sub" from angajati1 a2 join angajati1 a1 on a2.id_ang=a1.id_sef full outer join departamente d on d.id_dep=a2.id_dep group by a2.id_dep, d.den_dep, a2.nume, a2.salariu+nvl(a2.comision,0);

Den_depart                     Nume_sef              Venit_sef Venit_med_sub                                                                                                                            
------------------------------ -------------------- ---------- -------------                                                                                                                            
RESEARCH                       SCOTT                      3000          1100                                                                                                                            
ACCOUNTING                     KING                       5000    2758.33333                                                                                                                            
RESEARCH                       JONES                      2975          3000                                                                                                                            
SALES                          BLAKE                      2850          1750                                                                                                                            
ACCOUNTING                     CLARK                      2450          1300                                                                                                                            
RESEARCH                       FORD                       3000           800                                                                                                                            
OPERATIONS                                                                                                                                                                                              

7 rows selected.

SQL> select d.den_dep as "Den_depart", a2.nume as "Nume_sef", a2.salariu+nvl(a2.comision,0) as "Venit_sef", avg(a1.salariu+nvl(a1.comision,0)) as "Venit_med_sub" from angajati1 a2 join angajati1 a1 on a2.id_ang=a1.id_sef full outer join departamente d on d.id_dep=a2.id_dep group by a2.id_dep, d.den_dep, a2.nume, a2.salariu+nvl(a2.comision,0) having a2.salariu+nvl(a2.comision, 0)>a1.salariu+nvl(a1.comsision,0);
select d.den_dep as "Den_depart", a2.nume as "Nume_sef", a2.salariu+nvl(a2.comision,0) as "Venit_sef", avg(a1.salariu+nvl(a1.comision,0)) as "Venit_med_sub" from angajati1 a2 join angajati1 a1 on a2.id_ang=a1.id_sef full outer join departamente d on d.id_dep=a2.id_dep group by a2.id_dep, d.den_dep, a2.nume, a2.salariu+nvl(a2.comision,0) having a2.salariu+nvl(a2.comision, 0)>a1.salariu+nvl(a1.comsision,0)
                                                                                                                                                                                                                                                                                                                                                                                                        *
ERROR at line 1:
ORA-00904: "A1"."COMSISION": invalid identifier 


SQL> select d.den_dep as "Den_depart", a2.nume as "Nume_sef", a2.salariu+nvl(a2.comision,0) as "Venit_sef", avg(a1.salariu+nvl(a1.comision,0)) as "Venit_med_sub" from angajati1 a2 join angajati1 a1 on a2.id_ang=a1.id_sef full outer join departamente d on d.id_dep=a2.id_dep group by a2.id_dep, d.den_dep, a2.nume, a2.salariu+nvl(a2.comision,0) having a2.salariu+nvl(a2.comision, 0)>a1.salariu+nvl(a1.comision,0);
select d.den_dep as "Den_depart", a2.nume as "Nume_sef", a2.salariu+nvl(a2.comision,0) as "Venit_sef", avg(a1.salariu+nvl(a1.comision,0)) as "Venit_med_sub" from angajati1 a2 join angajati1 a1 on a2.id_ang=a1.id_sef full outer join departamente d on d.id_dep=a2.id_dep group by a2.id_dep, d.den_dep, a2.nume, a2.salariu+nvl(a2.comision,0) having a2.salariu+nvl(a2.comision, 0)>a1.salariu+nvl(a1.comision,0)
                                                                                                                                                                                                                                                                                                                                                                                         *
ERROR at line 1:
ORA-00979: not a GROUP BY expression 


SQL> select d.den_dep as "Den_depart", a2.nume as "Nume_sef", a2.salariu+nvl(a2.comision,0) as "Venit_sef", avg(a1.salariu+nvl(a1.comision,0)) as "Venit_med_sub" from angajati1 a2 join angajati1 a1 on a2.id_ang=a1.id_sef full outer join departamente d on d.id_dep=a2.id_dep group by a2.id_dep, d.den_dep, a2.nume, a2.salariu+nvl(a2.comision,0);

Den_depart                     Nume_sef              Venit_sef Venit_med_sub                                                                                                                            
------------------------------ -------------------- ---------- -------------                                                                                                                            
RESEARCH                       SCOTT                      3000          1100                                                                                                                            
ACCOUNTING                     KING                       5000    2758.33333                                                                                                                            
RESEARCH                       JONES                      2975          3000                                                                                                                            
SALES                          BLAKE                      2850          1750                                                                                                                            
ACCOUNTING                     CLARK                      2450          1300                                                                                                                            
RESEARCH                       FORD                       3000           800                                                                                                                            
OPERATIONS                                                                                                                                                                                              

7 rows selected.

SQL> update login_lab_bd set data_sf= sysdate where laborator='Lab7';

1 row updated.

SQL> update login_lab_bd set durata= round((data_sf-data_in)*24*60) where laborator='Lab7';

1 row updated.

SQL> commit;

Commit complete.

SQL> select instance_number,instance_name, to_char(startup_time, 'dd-mm-yyyy hh:mi:ss'), host_name
  2  from v$instance;

INSTANCE_NUMBER INSTANCE_NAME    TO_CHAR(STARTUP_TIM HOST_NAME                                                                                                                                          
--------------- ---------------- ------------------- ----------------------------------------------------------------                                                                                   
              1 orcl             14-04-2021 08:56:06 LUCIPC                                                                                                                                             

SQL> select nume_stud, grupa, laborator, to_char(data_in, 'dd-mm-yyyy hh:mi:ss') data_inceput,
  2  to_char(data_sf, 'dd-mm-yyyy hh:mi:ss') data_sfarsit, durata minute_lucrate from login_lab_bd;

NUME_STUD                      GRUPA      LABORATOR  DATA_INCEPUT        DATA_SFARSIT        MINUTE_LUCRATE                                                                                             
------------------------------ ---------- ---------- ------------------- ------------------- --------------                                                                                             
Grigore Lucian                 336CA      Lab6       08-04-2021 08:32:50 08-04-2021 09:48:12             75                                                                                             
Grigore Lucian                 336CA      Lab7       15-04-2021 08:18:59 15-04-2021 09:50:52             92                                                                                             
Grigore Lucian                 336CA      Lab3       18-03-2021 08:23:40 18-03-2021 09:59:22             96                                                                                             
Grigore Lucian                 336CA      Lab4       25-03-2021 08:21:24 25-03-2021 09:57:22             96                                                                                             
Grigore Lucian                 336CA      Lab5       01-04-2021 08:31:59 01-04-2021 09:50:16             78                                                                                             

SQL> spool off;
